=== env ./build/release/multiplier_profile 1 1 2 28 22 [221 s]
P 1, root 1/2: c0 = -0.750000000000000 +0.000000000000000i; λ shells 0.125 … 3.05176e-05, 268435456 samples, max_iter 2^22
Newton failures 0; undecided λ-area 2.238e-07
  j   j - log2 P   D_j (λ-area)   n^3-scaled D_j 2^{3(j - log2 P)}
   4     4.00      1.01933e-03     4.17518
   5     5.00      1.14357e-03     37.47244
   6     6.00      5.03035e-04     131.86765
   7     7.00      3.09043e-04     648.10941
   8     8.00      2.01928e-04     3387.78991
   9     9.00      1.20230e-04     16136.95993
  10    10.00      6.38084e-05     68513.76189
  11    11.00      3.15767e-05     271242.16820
  12    12.00      1.55155e-05     1066214.65842
  13    13.00      7.74454e-06     4257608.42808
  14    14.00      3.55018e-06     15613856.76290
  15    15.00      1.76649e-06     62152795.46282
  16    16.00      8.74352e-07     246108177.19779
  17    17.00      4.19374e-07     944345530.34190
  18    18.00      2.21334e-07     3987201256.94175
  19    19.00      1.18484e-07     17075280495.89345
  20    20.00      5.50920e-08     63516696779.57808
  21    21.00      2.48515e-08     229214352285.94864

=== env ./build/release/multiplier_profile 2 1 2 28 22 [224 s]
P 2, root 1/2: c0 = -1.250000000000000 +0.000000000000000i; λ shells 0.125 … 3.05176e-05, 268435456 samples, max_iter 2^22
Newton failures 0; undecided λ-area 4.280e-07
  j   j - log2 P   D_j (λ-area)   n^3-scaled D_j 2^{3(j - log2 P)}
   5     4.00      8.01453e-04     3.28275
   6     5.00      1.09144e-03     35.76425
   7     6.00      5.28957e-04     138.66286
   8     7.00      3.36639e-04     705.98236
   9     8.00      2.21523e-04     3716.54202
  10     9.00      1.32517e-04     17786.11338
  11    10.00      6.95238e-05     74650.56748
  12    11.00      3.51883e-05     302265.24997
  13    12.00      1.71207e-05     1176527.79196
  14    13.00      8.29007e-06     4557513.35717
  15    14.00      3.97213e-06     17469622.46968
  16    15.00      1.95613e-06     68825217.35267
  17    16.00      9.59220e-07     269996486.46927
  18    17.00      4.36268e-07     982387108.05827
  19    18.00      2.30019e-07     4143656260.99742
  20    19.00      1.02154e-07     14721872889.58791
  21    20.00      5.94879e-08     68584847906.33562

=== env ./build/release/multiplier_profile 3 1 2 28 22 -0.1225611668766536 0.7448617666197442 [227 s]
P 3, root 1/2: c0 = -0.115735423766157 +0.837999027373162i; λ shells 0.125 … 3.05176e-05, 268435456 samples, max_iter 2^22
Newton failures 0; undecided λ-area 6.600e-07
  j   j - log2 P   D_j (λ-area)   n^3-scaled D_j 2^{3(j - log2 P)}
   6     4.42      1.27654e-03     12.39394
   7     5.42      7.04772e-04     54.74129
   8     6.42      4.58114e-04     284.66215
   9     7.42      3.04405e-04     1513.20489
  10     8.42      1.95278e-04     7765.84679
  11     9.42      1.10577e-04     35179.54428
  12    10.42      5.66646e-05     144220.68980
  13    11.42      2.78255e-05     566563.41103
  14    12.42      1.34922e-05     2197752.72788
  15    13.42      6.60951e-06     8613020.42665
  16    14.42      3.24683e-06     33848238.08363
  17    15.42      1.50634e-06     125628365.63920
  18    16.42      7.19945e-07     480347050.81341
  19    17.42      3.14121e-07     1676650423.92091
  20    18.42      1.95562e-07     8350666431.85883
  21    19.42      7.11925e-08     24319801288.33841

=== env ./build/release/multiplier_profile 3 1 2 28 22 -1.7548776662466927 0 [280 s]
P 3, root 1/2: c0 = -1.768529152467685 +0.000000000000000i; λ shells 0.125 … 3.05176e-05, 268435456 samples, max_iter 2^22
Newton failures 0; undecided λ-area 6.241e-07
  j   j - log2 P   D_j (λ-area)   n^3-scaled D_j 2^{3(j - log2 P)}
   6     4.42      1.58052e-03     15.34537
   7     5.42      7.65345e-04     59.44613
   8     6.42      4.18084e-04     259.78852
   9     7.42      2.63709e-04     1310.90466
  10     8.42      1.69029e-04     6721.99003
  11     9.42      9.45311e-05     30074.65017
  12    10.42      4.84678e-05     123358.71227
  13    11.42      2.41255e-05     491226.26042
  14    12.42      1.18352e-05     1927849.00442
  15    13.42      5.66397e-06     7380854.79673
  16    14.42      2.84073e-06     29614572.61037
  17    15.42      1.31003e-06     109256819.94404
  18    16.42      6.49523e-07     433362006.91020
  19    17.42      3.06142e-07     1634061501.76220
  20    18.42      1.26998e-07     5422900395.96611
  21    19.42      8.37866e-08     28622048599.23088

=== env ./build/release/multiplier_profile 4 1 2 28 22 0.2822713907669139 0.5300606175785253 [287 s]
P 4, root 1/2: c0 = 0.316175850044561 +0.557471776001949i; λ shells 0.125 … 3.05176e-05, 268435456 samples, max_iter 2^22
Newton failures 0; undecided λ-area 8.156e-07
  j   j - log2 P   D_j (λ-area)   n^3-scaled D_j 2^{3(j - log2 P)}
   6     4.00      6.21186e-04     2.54438
   7     5.00      9.89828e-04     32.43467
   8     6.00      5.58721e-04     146.46523
   9     7.00      3.79665e-04     796.21524
  10     8.00      2.51171e-04     4213.95496
  11     9.00      1.51108e-04     20281.30990
  12    10.00      7.98762e-05     85766.42504
  13    11.00      3.93945e-05     338395.97937
  14    12.00      1.91767e-05     1317814.93273
  15    13.00      9.40734e-06     5171742.50735
  16    14.00      4.48931e-06     19744188.17058
  17    15.00      2.19832e-06     77346581.18509
  18    16.00      1.03532e-06     291417433.86724
  19    17.00      4.97252e-07     1119712787.83672
  20    18.00      2.40954e-07     4340640683.85103
  21    19.00      1.21426e-07     17499365974.15052

=== env ./build/release/multiplier_profile 1 1 3 28 22 [294 s]
P 1, root 1/3: c0 = -0.125000000000000 +0.649519052838329i; λ shells 0.125 … 3.05176e-05, 268435456 samples, max_iter 2^22
Newton failures 0; undecided λ-area 3.521e-07
  j   j - log2 P   D_j (λ-area)   n^3-scaled D_j 2^{3(j - log2 P)}
   4     4.00      3.10945e-03     12.73631
   5     5.00      1.47232e-03     48.24512
   6     6.00      9.08218e-04     238.08377
   7     7.00      5.77025e-04     1210.11005
   8     8.00      3.44620e-04     5781.77106
   9     9.00      1.85618e-04     24913.18762
  10    10.00      9.28771e-05     99726.06330
  11    11.00      4.56076e-05     391766.21370
  12    12.00      2.19711e-05     1509844.09183
  13    13.00      1.08475e-05     5963449.81574
  14    14.00      5.36233e-06     23583776.70568
  15    15.00      2.64819e-06     93175039.25694
  16    16.00      1.20988e-06     340550054.90066
  17    17.00      5.75291e-07     1295439184.27522
  18    18.00      2.77630e-07     5001331089.21574
  19    19.00      1.32718e-07     19126679212.63828
  20    20.00      7.12358e-08     82129290329.67776
  21    21.00      3.37626e-08     311405339513.45917

=== env ./build/release/multiplier_profile 2 1 3 28 22 [298 s]
P 2, root 1/3: c0 = -1.125000000000000 +0.216506350946110i; λ shells 0.125 … 3.05176e-05, 268435456 samples, max_iter 2^22
Newton failures 0; undecided λ-area 6.401e-07
  j   j - log2 P   D_j (λ-area)   n^3-scaled D_j 2^{3(j - log2 P)}
   5     4.00      2.71886e-03     11.13644
   6     5.00      1.47447e-03     48.31550
   7     6.00      9.83695e-04     257.86968
   8     7.00      6.37152e-04     1336.20562
   9     8.00      3.79585e-04     6368.38668
  10     9.00      2.04419e-04     27436.62093
  11    10.00      1.02030e-04     109553.66940
  12    11.00      5.04854e-05     433666.52664
  13    12.00      2.43112e-05     1670655.12034
  14    13.00      1.16880e-05     6425532.68835
  15    14.00      5.83930e-06     25681518.99399
  16    15.00      2.75669e-06     96992564.71557
  17    16.00      1.39011e-06     391282201.63585
  18    17.00      6.71871e-07     1512918648.64818
  19    18.00      3.05607e-07     5505333735.85275
  20    19.00      1.53574e-07     22132396607.49739
  21    20.00      8.23258e-08     94915141877.08353

=== Done; results in /data/results/bench-20261008-004415.txt [317 s]
