# family_owner: nested gate ownership of M's escape-time tail (local, 10 threads)
# catalog: ./build/release/hyperbolic 8 256 1 comp8.txt (136 roots of period ≤ 8 in the upper half plane)

=== ./build/release/family_owner comp8.txt 8 28 20 1 0.1 64 0.5
136 roots up to period 8 (1 failed)
octave j  tail·2^j  cumulative share by gate period ≤ p (%)                deep   none
   6     2.4047   1:0 2:1 3:1 4:1 5:1 6:2 7:2 8:2                        1%    97%
   7     2.1647   1:0 2:2 3:4 4:4 5:5 6:6 7:6 8:7                        9%    85%
   8     2.0536   1:0 2:4 3:6 4:7 5:8 6:9 7:10 8:11                     13%    75%
   9     1.9923   1:0 2:4 3:7 4:9 5:11 6:12 7:13 8:14                   17%    69%
  10     1.9422   1:0 2:4 3:7 4:9 5:11 6:13 7:14 8:15                   19%    66%
  11     1.8776   1:0 2:4 3:8 4:10 5:12 6:13 7:15 8:16                  20%    64%
  12     1.8134   1:0 2:5 3:8 4:10 5:12 6:13 7:15 8:16                  20%    64%
  13     1.7672   1:0 2:4 3:7 4:10 5:12 6:13 7:15 8:16                  21%    62%
  14     1.6813   1:0 2:5 3:8 4:10 5:12 6:13 7:14 8:15                  23%    62%
  15     1.6392   1:0 2:4 3:6 4:9 5:11 6:12 7:13 8:14                   24%    62%
  16     1.6011   1:0 2:3 3:6 4:8 5:11 6:12 7:13 8:15                   24%    61%
  17     1.5615   1:0 2:4 3:7 4:9 5:10 6:11 7:12 8:13                   24%    63%
  18     1.4238   1:0 2:7 3:9 4:12 5:12 6:13 7:14 8:15                  24%    61%
  19     1.4414   1:0 2:4 3:7 4:11 5:13 6:13 7:14 8:16                  19%    65%
g_q from cardioid roots (octaves 10..13): 2:0.0785 3:0.0373 4:0.0245 5:0.0162 6:0.0111 7:0.0094 8:0.0064
period  owned n·D  predicted Σ A P g_q  ratio
   2     0.0785     0.0785             1.00
   3     0.0280     0.0280             1.00
   4     0.0272     0.0221             1.23
   5     0.0204     0.0202             1.01
   6     0.0117     0.0095             1.23
   7     0.0160     0.0165             0.97
   8     0.0130     0.0110             1.18

=== ./build/release/family_owner comp8.txt 8 26 20 1 0.1 64 1
136 roots up to period 8 (1 failed)
octave j  tail·2^j  cumulative share by gate period ≤ p (%)                deep   none
   6     2.4060   1:0 2:3 3:4 4:6 5:6 6:8 7:8 8:9                        4%    86%
   7     2.1643   1:1 2:8 3:14 4:18 5:20 6:23 7:24 8:26                 16%    58%
   8     2.0513   1:1 2:10 3:18 4:23 5:26 6:30 7:31 8:33                20%    46%
   9     1.9873   1:1 2:12 3:20 4:26 5:29 6:33 7:35 8:37                24%    39%
  10     1.9549   1:1 2:11 3:20 4:26 5:30 6:34 7:36 8:39                26%    34%
  11     1.8677   1:1 2:11 3:20 4:26 5:30 6:34 7:36 8:39                30%    31%
  12     1.8208   1:1 2:11 3:19 4:25 5:29 6:33 7:35 8:38                32%    29%
  13     1.7402   1:1 2:12 3:20 4:26 5:30 6:34 7:35 8:38                33%    29%
  14     1.6758   1:0 2:10 3:18 4:24 5:27 6:31 7:33 8:35                37%    28%
  15     1.6172   1:0 2:9 3:17 4:22 5:25 6:30 7:31 8:34                 37%    30%
  16     1.5234   1:0 2:13 3:23 4:29 5:33 6:36 7:37 8:41                37%    22%
  17     1.6641   1:1 2:6 3:20 4:25 5:27 6:32 7:34 8:35                 35%    30%
  18     1.5938   1:0 2:12 3:21 4:29 5:34 6:35 7:37 8:43                37%    21%
g_q from cardioid roots (octaves 10..13): 2:0.1926 3:0.1032 4:0.0572 5:0.0314 6:0.0158 7:0.0087 8:0.0069
period  owned n·D  predicted Σ A P g_q  ratio
   2     0.1926     0.1926             1.00
   3     0.0774     0.0774             1.00
   4     0.0820     0.0527             1.56
   5     0.0377     0.0392             0.96
   6     0.0385     0.0220             1.75
   7     0.0156     0.0153             1.02
   8     0.0311     0.0180             1.73

=== ./build/release/family_owner comp8.txt 8 26 20 1 0.1 64 2
136 roots up to period 8 (1 failed)
octave j  tail·2^j  cumulative share by gate period ≤ p (%)                deep   none
   6     2.4060   1:0 2:8 3:14 4:20 5:23 6:26 7:27 8:29                  4%    68%
   7     2.1643   1:3 2:25 3:40 4:49 5:56 6:60 7:63 8:66                11%    24%
   8     2.0513   1:5 2:29 3:46 4:55 5:63 6:66 7:70 8:74                13%    13%
   9     1.9873   1:6 2:31 3:49 4:58 5:66 6:69 7:74 8:77                15%     8%
  10     1.9549   1:5 2:31 3:49 4:58 5:67 6:69 7:74 8:77                18%     5%
  11     1.8677   1:5 2:32 3:50 4:58 5:67 6:69 7:75 8:78                19%     3%
  12     1.8208   1:5 2:31 3:48 4:57 5:67 6:69 7:75 8:78                20%     2%
  13     1.7402   1:5 2:31 3:48 4:57 5:66 6:69 7:74 8:78                20%     2%
  14     1.6758   1:4 2:29 3:45 4:54 5:64 6:66 7:72 8:76                23%     1%
  15     1.6172   1:5 2:27 3:43 4:54 5:62 6:65 7:70 8:74                25%     1%
  16     1.5234   1:4 2:32 3:49 4:55 5:66 6:68 7:74 8:77                22%     2%
  17     1.6641   1:6 2:25 3:46 4:56 5:63 6:64 7:70 8:70                27%     2%
  18     1.5938   1:4 2:28 3:47 4:57 5:65 6:65 7:72 8:75                24%     1%
g_q from cardioid roots (octaves 10..13): 2:0.4819 3:0.2166 4:0.1151 5:0.0667 6:0.0419 7:0.0284 8:0.0243
period  owned n·D  predicted Σ A P g_q  ratio
   2     0.4819     0.4819             1.00
   3     0.1624     0.1624             1.00
   4     0.1042     0.1178             0.88
   5     0.0829     0.0834             0.99
   6     0.0210     0.0503             0.42
   7     0.0508     0.0496             1.02
   8     0.0326     0.0484             0.67

=== ./build/release/family_owner comp8.txt 8 26 20 1 0.1 64 4
136 roots up to period 8 (1 failed)
octave j  tail·2^j  cumulative share by gate period ≤ p (%)                deep   none
   6     2.4060   1:0 2:9 3:18 4:25 5:31 6:34 7:38 8:40                  6%    54%
   7     2.1643   1:3 2:28 3:48 4:57 5:70 6:72 7:80 8:82                12%     6%
   8     2.0513   1:5 2:32 3:52 4:62 5:75 6:76 7:84 8:87                12%     2%
   9     1.9873   1:6 2:34 3:55 4:64 5:77 6:79 7:86 8:88                11%     1%
  10     1.9549   1:6 2:33 3:54 4:64 5:77 6:78 7:86 8:88                11%     0%
  11     1.8677   1:6 2:33 3:54 4:64 5:77 6:79 7:86 8:89                11%     0%
  12     1.8208   1:5 2:33 3:52 4:62 5:75 6:77 7:85 8:88                12%     0%
  13     1.7402   1:5 2:32 3:53 4:63 5:76 6:77 7:84 8:88                12%     0%
  14     1.6758   1:4 2:30 3:49 4:58 5:72 6:75 7:83 8:87                13%     0%
  15     1.6172   1:5 2:29 3:47 4:60 5:73 6:75 7:83 8:86                14%     0%
  16     1.5234   1:4 2:32 3:52 4:60 5:75 6:77 7:85 8:87                13%     0%
  17     1.6641   1:6 2:25 3:51 4:63 5:73 6:74 7:85 8:85                15%     0%
  18     1.5938   1:4 2:29 3:47 4:59 5:69 6:69 7:78 8:84                16%     0%
g_q from cardioid roots (octaves 10..13): 2:0.5104 3:0.2513 4:0.1547 5:0.0941 6:0.0590 7:0.0392 8:0.0303
period  owned n·D  predicted Σ A P g_q  ratio
   2     0.5104     0.5104             1.00
   3     0.1885     0.1885             1.00
   4     0.1025     0.1411             0.73
   5     0.1183     0.1176             1.01
   6     0.0150     0.0597             0.25
   7     0.0695     0.0686             1.01
   8     0.0271     0.0598             0.45
