=== env ./build/release/parabolic_tail global -1.75 0 -0.02 0 3 1 40 20 --cuda [216 s]
global c = -1.750000000000000 +0.000000000000000i, P 3, q 1, 1099511627776 samples, max_iter 2^20, gpu: 106.6 s, 2.23e+12 iterations
  z_0 = -0.054958132087 +0.000000000000i, a = -8.918887 +0.000000i (|a| 8.91889)
  z_1 = -1.746979603717 +0.000000000000i, a = 81.142557 +0.000000i (|a| 81.1426)
  z_2 = 1.301937735805 +0.000000000000i, a = -23.223670 +0.000000i (|a| 23.2237)
in K 0.056607 ± 9.1e-07, undecided 0.00e+00 (area)
 j  D_j          ±         B_j = D_j 2^(js) / (1 - 2^-s) ±    D_j / D_(j-1) (pred 0.125)
 0  1.11955e+01  1.3e-05   12.79490 ± 0.00001   
 1  3.21902e+00  6.8e-06   29.43102 ± 0.00006   0.287527
 2  1.24899e+00  4.3e-06   91.35454 ± 0.00031   0.388003
 3  2.53335e-01  1.9e-06   148.23692 ± 0.00112   0.202832
 4  2.52730e-02  6.1e-07   118.30646 ± 0.00284   0.099761
 5  1.19737e-03  1.3e-07   44.84036 ± 0.00494   0.047377
 6  3.83198e-05  2.4e-08   11.48036 ± 0.00707   0.032003
 7  2.37340e-06  5.9e-09   5.68844 ± 0.01409   0.061937
 8  2.20214e-07  1.8e-09   4.22238 ± 0.03432   0.092784
 9  2.28611e-08  5.8e-10   3.50670 ± 0.08847   0.103813
10  2.77942e-09  2.0e-10   3.41071 ± 0.24679   0.121579
11  3.92902e-10  7.6e-11   3.85714 ± 0.74231   0.141361
12  7.27596e-11  3.3e-11   5.71429 ± 2.55551   0.185185

=== Done; results in /data/results/bench-20261007-211946.txt [323 s]
=== env ./build/release/root_escape 0 1 4 14 4194304 24 [221 s]
root 0/1: c0 = 0.250000000000000 +0.000000000000000i, λ0 = 1.000000 +0.000000i; 4194304 angles per circle, max_iter 2^24, 120 threads
  k (ρ = 2^-k)  escaped  n ρ quantiles: 10%      25%      50%      75%      90%     (undecided)
   4            0.0192     6.1875   6.1875   6.1875   6.6250  12.7500   (0.0000)
   5            0.0087     6.2188   6.2188   6.2500   6.3125  31.6875   (0.0000)
   6            0.0046     6.2500   6.2500   6.2656   6.3125  50.2500   (0.0000)
   7            0.0025     6.2656   6.2656   6.2734  12.6094  69.2109   (0.0001)
   8            0.0012     6.2773   6.2773   6.2773   6.2969  12.5742   (0.0002)
   9            0.0006     6.2793   6.2793   6.2812   6.2852  31.4277   (0.0003)
  10            0.0003     6.2812   6.2812   6.2822   6.2842  37.7090   (0.0005)
  11            0.0001     6.2822   6.2822   6.2827   6.2837  37.6997   (0.0010)
  12            0.0001     6.2827   6.2827   6.2830   6.2834  25.1340   (0.0017)
  13            0.0000     6.2830   6.2830   6.2831  12.5663  62.8335   (0.0030)
  14            0.0000     6.2831   6.2831   6.2831  12.5666  62.8322   (0.0051)

=== env ./build/release/root_escape 1 2 4 14 4194304 24 [438 s]
root 1/2: c0 = -0.750000000000000 +0.000000000000000i, λ0 = -1.000000 +0.000000i; 4194304 angles per circle, max_iter 2^24, 120 threads
  k (ρ = 2^-k)  escaped  n ρ quantiles: 10%      25%      50%      75%      90%     (undecided)
   4            0.0499     3.0625   3.0625   3.1875   6.4375  22.5625   (0.0000)
   5            0.0273     3.0938   3.1250   3.1875  16.0625  53.5625   (0.0000)
   6            0.0120     3.1250   3.1250   3.1562   6.2812  22.0625   (0.0000)
   7            0.0062     3.1328   3.1328   3.1484   6.2969  34.8281   (0.0000)
   8            0.0032     3.1367   3.1367   3.1445   6.3008  28.3516   (0.0001)
   9            0.0017     3.1387   3.1387   3.1445  18.8418  62.8418   (0.0002)
  10            0.0008     3.1406   3.1406   3.1426   6.2842  21.9990   (0.0003)
  11            0.0004     3.1411   3.1411   3.1421   6.2842  25.1421   (0.0007)
  12            0.0002     3.1414   3.1414   3.1418   6.2839  28.2808   (0.0012)
  13            0.0001     3.1415   3.1415   3.1417   6.2849  25.1351   (0.0023)
  14            0.0000     3.1415   3.1415   3.1417   9.4253  25.1333   (0.0043)

=== env ./build/release/root_escape 1 3 4 14 4194304 24 [608 s]
root 1/3: c0 = -0.125000000000000 +0.649519052838329i, λ0 = -0.500000 +0.866025i; 4194304 angles per circle, max_iter 2^24, 120 threads
  k (ρ = 2^-k)  escaped  n ρ quantiles: 10%      25%      50%      75%      90%     (undecided)
   4            0.0940     2.0625   2.0625   2.2500   6.8750  23.7500   (0.0000)
   5            0.0498     2.0625   2.0625   3.6875  10.3438  27.1562   (0.0000)
   6            0.0249     2.0781   2.0781   2.2812  10.4844  37.1094   (0.0000)
   7            0.0125     2.0859   2.0859   2.1719   8.5469  37.9609   (0.0000)
   8            0.0062     2.0898   2.0938   2.2344  12.5469  37.7656   (0.0001)
   9            0.0031     2.0918   2.0938   4.1836  12.6504  44.0215   (0.0001)
  10            0.0016     2.0938   2.0938   2.0996  16.7666  71.2090   (0.0002)
  11            0.0008     2.0938   2.0942   4.1880  12.5732  48.1870   (0.0005)
  12            0.0004     2.0942   2.0942   2.0962   8.3848  43.9939   (0.0009)
  13            0.0002     2.0942   2.0944   2.0955  12.5676  41.8878   (0.0017)
  14            0.0001     2.0943   2.0944   2.0961  12.5681  64.9268   (0.0033)

=== env ./build/release/root_escape 1 4 4 14 4194304 24 [741 s]
root 1/4: c0 = 0.250000000000000 +0.500000000000000i, λ0 = 0.000000 +1.000000i; 4194304 angles per circle, max_iter 2^24, 120 threads
  k (ρ = 2^-k)  escaped  n ρ quantiles: 10%      25%      50%      75%      90%     (undecided)
   4            0.1560     1.5625   1.5625   2.1875   7.4375  21.4375   (0.0000)
   5            0.0871     1.5625   1.5938   3.2500   9.5625  32.1250   (0.0000)
   6            0.0401     1.5625   1.5625   2.9375  11.0156  28.7812   (0.0000)
   7            0.0194     1.5625   1.5703   3.2188  12.4297  36.3906   (0.0000)
   8            0.0109     1.5664   1.5742   3.1406  11.1289  53.6758   (0.0000)
   9            0.0052     1.5684   1.5703   4.3320  21.9883  94.9473   (0.0001)
  10            0.0025     1.5703   1.5703   3.1436  14.1660  75.4121   (0.0002)
  11            0.0012     1.5703   1.5708   3.1436  12.5674  42.5337   (0.0004)
  12            0.0007     1.5706   1.5708   3.1440  17.2690 103.6472   (0.0007)
  13            0.0003     1.5707   1.5708   1.5725  15.7037  84.8352   (0.0014)
  14            0.0002     1.5707   1.5708   1.5717  15.7060  59.6950   (0.0026)

=== env ./build/release/root_escape 2 5 4 14 4194304 24 [851 s]
root 2/5: c0 = -0.481762745781210 +0.531656755220025i, λ0 = -0.809017 +0.587785i; 4194304 angles per circle, max_iter 2^24, 120 threads
  k (ρ = 2^-k)  escaped  n ρ quantiles: 10%      25%      50%      75%      90%     (undecided)
   4            0.2916     1.2500   1.3125   1.8125   4.8750  10.6250   (0.0000)
   5            0.1219     1.2500   1.2812   1.8125   7.5625  23.2500   (0.0000)
   6            0.0562     1.2500   1.2656   2.6250  10.3438  28.4531   (0.0000)
   7            0.0304     1.2500   1.2656   3.8203  14.9688  45.4531   (0.0000)
   8            0.0152     1.2539   1.2578   2.6016  15.2812  44.3438   (0.0000)
   9            0.0076     1.2559   1.2578   2.5273  13.8379  74.2266   (0.0001)
  10            0.0038     1.2559   1.2568   2.5479  16.3457  61.4639   (0.0002)
  11            0.0019     1.2563   1.2568   2.5195  16.3687 108.0049   (0.0003)
  12            0.0009     1.2563   1.2568   2.5178  13.8254  66.6104   (0.0006)
  13            0.0005     1.2565   1.2567   2.5135   8.8091  61.5736   (0.0011)
  14            0.0002     1.2566   1.2567   2.5146  17.5933  77.8835   (0.0021)

=== env ./build/release/root_escape 1 7 4 14 4194304 24 [944 s]
root 1/7: c0 = 0.367375134418445 +0.147183763188559i, λ0 = 0.623490 +0.781831i; 4194304 angles per circle, max_iter 2^24, 120 threads
  k (ρ = 2^-k)  escaped  n ρ quantiles: 10%      25%      50%      75%      90%     (undecided)
   4            0.4765     0.9375   1.0000   1.1875   2.3750   8.3125   (0.0000)
   5            0.2397     0.9062   0.9375   2.4688   6.5312  14.6875   (0.0000)
   6            0.1130     0.8906   0.9375   3.2500   9.6406  24.2812   (0.0000)
   7            0.0592     0.8984   0.9531   3.4688  12.0938  36.6328   (0.0000)
   8            0.0269     0.8984   0.9062   1.8945  10.5469  35.0195   (0.0000)
   9            0.0143     0.8984   0.9062   3.5918  14.4141  50.5312   (0.0001)
  10            0.0070     0.8965   0.9043   4.5566  26.0107 101.4727   (0.0001)
  11            0.0037     0.8975   0.8994   2.7212  18.8794  78.0547   (0.0002)
  12            0.0017     0.8972   0.8979   3.5994  21.5645 132.6238   (0.0004)
  13            0.0009     0.8976   0.8984   3.5857  28.0200 170.4698   (0.0009)
  14            0.0004     0.8976   0.8977   1.7961  12.5728  58.3922   (0.0016)

=== Done; results in /data/results/bench-20261007-211748.txt [1016 s]
