=== env ./build/release/parabolic_tail global 0.375 0.2165063509461096 0.25000000000000006 0.4330127018922193 1 6 31 22 120 [215 s]
c = 0.375000000000000 +0.216506350946110i, P 1, q 6: cycle multiplier 0.500000000000 +0.866025403784i (|·| - 1 = 0.0e+00, arg q/2π = 1.000000)
  z_0 = 0.250000000000 +0.433012701892i, a = 6.000000 -100.458947i (|a| 100.638)
global, 2147483648 samples, max_iter 2^22: in K 1.959197, undecided 5.50e-03 (area)
 j  D_j          ±         B_j = D_j 2^(js) / (1 - 2^-s) ±    D_j / D_(j-1) (pred 0.397)
 0  6.35757e+00  1.4e-04   10.54061 ± 0.00022   
 1  2.74058e+00  1.1e-04   11.44961 ± 0.00047   0.431074
 2  1.00627e+00  7.4e-05   10.59342 ± 0.00077   0.367174
 3  3.64273e-01  4.5e-05   9.66321 ± 0.00121   0.362003
 4  1.05079e-01  2.5e-05   7.02400 ± 0.00165   0.288463
 5  2.20381e-02  1.1e-05   3.71206 ± 0.00191   0.209728
 6  4.23447e-03  5.0e-06   1.79727 ± 0.00211   0.192144
 7  1.09123e-03  2.5e-06   1.16709 ± 0.00270   0.257702
 8  3.47238e-04  1.4e-06   0.93581 ± 0.00384   0.318208
 9  1.20422e-04  8.4e-07   0.81778 ± 0.00570   0.346798
10  4.56665e-05  5.2e-07   0.78146 ± 0.00885   0.379222
11  1.66480e-05  3.1e-07   0.71787 ± 0.01346   0.364557
12  6.39588e-06  1.9e-07   0.69495 ± 0.02102   0.384183
13  2.42259e-06  1.2e-07   0.66330 ± 0.03260   0.378774
14  1.10011e-06  8.0e-08   0.75900 ± 0.05536   0.454106
15  3.68655e-07  4.6e-08   0.64091 ± 0.08075   0.335106
16  2.34067e-07  3.7e-08   1.02539 ± 0.16213   0.634921
17  5.26651e-08  1.8e-08   0.58136 ± 0.19379   0.225000
18  3.51100e-08  1.4e-08   0.97662 ± 0.39870   0.666667
19  2.34067e-08  1.2e-08   1.64062 ± 0.82031   0.666667
20  1.17033e-08  8.3e-09   2.06705 ± 1.46163   0.500000

=== env ./build/release/parabolic_tail local 0.375 0.2165063509461096 0.25000000000000006 0.4330127018922193 1 6 26 21 120 [1360 s]
c = 0.375000000000000 +0.216506350946110i, P 1, q 6: cycle multiplier 0.500000000000 +0.866025403784i (|·| - 1 = 0.0e+00, arg q/2π = 1.000000)
  z_0 = 0.250000000000 +0.433012701892i, a = 6.000000 -100.458947i (|a| 100.638)
local: r in [0.0696, 0.05] around each cycle point
local, 67108864 samples, max_iter 2^21: in K -0.007366, undecided -1.37e-10 (area)
 j  D_j          ±         B_j = D_j 2^(js) / (1 - 2^-s) ±    D_j / D_(j-1) (pred 0.397)
15  -2.07628e-09  5.5e-10   -0.00361 ± 0.00096   
16  -1.54463e-08  1.5e-09   -0.06767 ± 0.00638   7.439424
17  -1.46832e-08  1.3e-09   -0.16208 ± 0.01474   0.950598
18  -6.12440e-09  7.7e-10   -0.17036 ± 0.02142   0.417102
19  -1.14616e-09  3.1e-10   -0.08034 ± 0.02149   0.187146

=== env ./build/release/parabolic_tail global 0.11398174999744765 0.5959348908703013 -0.11126046697815717 0.4874639560909118 1 7 31 22 120 [2220 s]
c = 0.113981749997448 +0.595934890870301i, P 1, q 7: cycle multiplier -0.222520933956 +0.974927912182i (|·| - 1 = -1.1e-16, arg q/2π = 2.000000)
  z_0 = -0.111260466978 +0.487463956091i, a = 165.644147 +123.445942i (|a| 206.584)
global, 2147483648 samples, max_iter 2^22: in K 1.806187, undecided 1.14e-02 (area)
 j  D_j          ±         B_j = D_j 2^(js) / (1 - 2^-s) ±    D_j / D_(j-1) (pred 0.410)
 0  6.43049e+00  1.4e-04   10.90223 ± 0.00023   
 1  2.86029e+00  1.1e-04   11.82278 ± 0.00047   0.444801
 2  1.00198e+00  7.3e-05   10.09738 ± 0.00074   0.350309
 3  3.29547e-01  4.3e-05   8.09664 ± 0.00106   0.328895
 4  9.79037e-02  2.4e-05   5.86442 ± 0.00143   0.297085
 5  2.23370e-02  1.1e-05   3.26203 ± 0.00167   0.228152
 6  4.50411e-03  5.1e-06   1.60366 ± 0.00183   0.201644
 7  1.17387e-03  2.6e-06   1.01897 ± 0.00227   0.260623
 8  3.78714e-04  1.5e-06   0.80148 ± 0.00315   0.322619
 9  1.37157e-04  9.0e-07   0.70768 ± 0.00462   0.362166
10  5.25831e-05  5.5e-07   0.66146 ± 0.00698   0.383378
11  2.06388e-05  3.5e-07   0.63297 ± 0.01066   0.392499
12  8.41470e-06  2.2e-07   0.62918 ± 0.01659   0.407712
13  3.44663e-06  1.4e-07   0.62830 ± 0.02589   0.409597
14  1.38099e-06  9.0e-08   0.61377 ± 0.03995   0.400679
15  5.55909e-07  5.7e-08   0.60236 ± 0.06180   0.402542
16  2.16512e-07  3.6e-08   0.57197 ± 0.09403   0.389474
17  7.02201e-08  2.0e-08   0.45226 ± 0.13056   0.324324
18  5.85167e-08  1.9e-08   0.91885 ± 0.29057   0.833333
20  1.75550e-08  1.0e-08   1.63849 ± 0.94598   
21  5.85167e-09  5.9e-09   1.33156 ± 1.33156   0.333333

=== env ./build/release/parabolic_tail local 0.11398174999744765 0.5959348908703013 -0.11126046697815717 0.4874639560909118 1 7 26 21 120 [4668 s]
c = 0.113981749997448 +0.595934890870301i, P 1, q 7: cycle multiplier -0.222520933956 +0.974927912182i (|·| - 1 = -1.1e-16, arg q/2π = 2.000000)
  z_0 = -0.111260466978 +0.487463956091i, a = 165.644147 +123.445942i (|a| 206.584)
local: r in [0.094, 0.05] around each cycle point
local, 67108864 samples, max_iter 2^21: in K -0.019288, undecided -5.92e-04 (area)
 j  D_j          ±         B_j = D_j 2^(js) / (1 - 2^-s) ±    D_j / D_(j-1) (pred 0.410)
15  -1.26012e-08  2.5e-09   -0.01365 ± 0.00273   
16  -3.78996e-08  4.2e-09   -0.10012 ± 0.01122   3.007606
17  -2.31505e-08  3.1e-09   -0.14910 ± 0.02005   0.610837
18  -1.08444e-08  1.9e-09   -0.17028 ± 0.03024   0.468431
19  -3.63167e-09  1.0e-09   -0.13903 ± 0.03870   0.334889
20  -9.05362e-10  4.5e-10   -0.08450 ± 0.04241   0.249296

=== env ./build/release/parabolic_tail global -0.6063568844158929 0.4123997401757866 -0.4504844339512095 0.21694186955877912 1 7 31 22 120 [8646 s]
c = -0.606356884415893 +0.412399740175787i, P 1, q 7: cycle multiplier -0.900968867902 +0.433883739118i (|·| - 1 = 0.0e+00, arg q/2π = 3.000000)
  z_0 = -0.450484433951 +0.216941869559i, a = 194.936730 -62.315279i (|a| 204.655)
global, 2147483648 samples, max_iter 2^22: in K 1.785156, undecided 1.15e-02 (area)
 j  D_j          ±         B_j = D_j 2^(js) / (1 - 2^-s) ±    D_j / D_(j-1) (pred 0.410)
 0  6.50023e+00  1.4e-04   11.02047 ± 0.00023   
 1  2.83810e+00  1.1e-04   11.73108 ± 0.00047   0.436616
 2  9.78918e-01  7.3e-05   9.86495 ± 0.00073   0.344920
 3  3.26319e-01  4.3e-05   8.01732 ± 0.00106   0.333346
 4  9.75388e-02  2.4e-05   5.84256 ± 0.00143   0.298907
 5  2.23078e-02  1.1e-05   3.25777 ± 0.00167   0.228707
 6  4.49311e-03  5.1e-06   1.59974 ± 0.00183   0.201415
 7  1.16855e-03  2.6e-06   1.01435 ± 0.00227   0.260076
 8  3.77304e-04  1.5e-06   0.79849 ± 0.00314   0.322882
 9  1.36479e-04  8.9e-07   0.70418 ± 0.00461   0.361720
10  5.30103e-05  5.6e-07   0.66683 ± 0.00701   0.388415
11  2.00069e-05  3.4e-07   0.61359 ± 0.01049   0.377415
12  7.88805e-06  2.1e-07   0.58980 ± 0.01606   0.394267
13  3.38812e-06  1.4e-07   0.61763 ± 0.02567   0.429525
14  1.37514e-06  9.0e-08   0.61117 ± 0.03987   0.405872
15  4.91540e-07  5.4e-08   0.53261 ± 0.05811   0.357447
16  2.51622e-07  3.8e-08   0.66472 ± 0.10137   0.511905
17  9.36268e-08  2.3e-08   0.60301 ± 0.15075   0.372093
18  4.68134e-08  1.7e-08   0.73508 ± 0.25989   0.500000

=== env ./build/release/parabolic_tail local -0.6063568844158929 0.4123997401757866 -0.4504844339512095 0.21694186955877912 1 7 26 21 120 [11139 s]
c = -0.606356884415893 +0.412399740175787i, P 1, q 7: cycle multiplier -0.900968867902 +0.433883739118i (|·| - 1 = 0.0e+00, arg q/2π = 3.000000)
  z_0 = -0.450484433951 +0.216941869559i, a = 194.936730 -62.315279i (|a| 204.655)
local: r in [0.0941, 0.05] around each cycle point
local, 67108864 samples, max_iter 2^21: in K -0.019322, undecided -6.31e-04 (area)
 j  D_j          ±         B_j = D_j 2^(js) / (1 - 2^-s) ±    D_j / D_(j-1) (pred 0.410)
15  -9.70815e-09  2.2e-09   -0.01052 ± 0.00241   
16  -4.62691e-08  4.7e-09   -0.12223 ± 0.01243   4.766004
17  -2.45296e-08  3.2e-09   -0.15799 ± 0.02063   0.530151
18  -1.19237e-08  2.0e-09   -0.18723 ± 0.03175   0.486094
19  -4.22946e-09  1.1e-09   -0.16192 ± 0.04189   0.354710
20  -2.47818e-09  7.5e-10   -0.23130 ± 0.06993   0.585934

=== env ./build/release/parabolic_tail global -1.25 0.0 0.20710678118654757 0.0 2 2 31 22 120 [15325 s]
c = -1.250000000000000 +0.000000000000000i, P 2, q 2: cycle multiplier -1.000000000000 +0.000000000000i (|·| - 1 = -1.1e-16, arg q/2π = 1.000000)
  z_0 = 0.207106781187 +0.000000000000i, a = -11.715729 +0.000000i (|a| 11.7157)
  z_1 = -1.207106781187 +0.000000000000i, a = -68.284271 +0.000000i (|a| 68.2843)
global, 2147483648 samples, max_iter 2^22: in K 0.658420, undecided 2.75e-07 (area)
 j  D_j          ±         B_j = D_j 2^(js) / (1 - 2^-s) ±    D_j / D_(j-1) (pred 0.250)
 0  6.95132e+00  1.3e-04   9.26843 ± 0.00018   
 1  3.12268e+00  1.2e-04   16.65432 ± 0.00062   0.449222
 2  1.27439e+00  8.2e-05   27.18704 ± 0.00175   0.408108
 3  4.46029e-01  5.0e-05   38.06113 ± 0.00428   0.349993
 4  1.00738e-01  2.4e-05   34.38526 ± 0.00825   0.225855
 5  1.15365e-02  8.2e-06   15.75117 ± 0.01121   0.114520
 6  1.05010e-03  2.5e-06   5.73495 ± 0.01354   0.091024
 7  1.57820e-04  9.6e-07   3.44762 ± 0.02099   0.150290
 8  3.20613e-05  4.3e-07   2.80156 ± 0.03785   0.203152
 9  6.94008e-06  2.0e-07   2.42573 ± 0.07044   0.216463
10  1.61506e-06  9.7e-08   2.25802 ± 0.13592   0.232715
11  3.86210e-07  4.8e-08   2.15984 ± 0.26586   0.239130
12  8.19234e-08  2.2e-08   1.83260 ± 0.48978   0.212121
13  3.51100e-08  1.4e-08   3.14159 ± 1.28255   0.428571

=== env ./build/release/parabolic_tail local -1.25 0.0 0.20710678118654757 0.0 2 2 26 21 120 [15329 s]
c = -1.250000000000000 +0.000000000000000i, P 2, q 2: cycle multiplier -1.000000000000 +0.000000000000i (|·| - 1 = -1.1e-16, arg q/2π = 1.000000)
  z_0 = 0.207106781187 +0.000000000000i, a = -11.715729 +0.000000i (|a| 11.7157)
  z_1 = -1.207106781187 +0.000000000000i, a = -68.284271 +0.000000i (|a| 68.2843)
local: r in [0.000334, 0.05] around each cycle point
local, 67108864 samples, max_iter 2^21: in K 0.015203, undecided 0.00e+00 (area)
 j  D_j          ±         B_j = D_j 2^(js) / (1 - 2^-s) ±    D_j / D_(j-1) (pred 0.250)
 4  2.18370e-04  6.5e-07   0.07454 ± 0.00022   
 5  1.75656e-04  4.7e-07   0.23983 ± 0.00064   0.804397
 6  7.27425e-05  3.2e-07   0.39727 ± 0.00176   0.414119
 7  2.89599e-05  1.7e-07   0.63264 ± 0.00370   0.398115
 8  6.05052e-06  5.3e-08   0.52870 ± 0.00462   0.208927
 9  1.39909e-06  1.8e-08   0.48902 ± 0.00621   0.231235
10  3.37565e-07  6.4e-09   0.47195 ± 0.00897   0.241274
11  8.29487e-08  2.1e-09   0.46388 ± 0.01183   0.245727
12  2.07472e-08  7.5e-10   0.46411 ± 0.01675   0.250121
13  5.11572e-09  2.6e-10   0.45775 ± 0.02324   0.246574
14  1.13977e-09  8.6e-11   0.40794 ± 0.03073   0.222798
15  2.54889e-10  2.8e-11   0.36491 ± 0.04030   0.223631
16  7.16402e-11  1.1e-11   0.41026 ± 0.06127   0.281064
17  2.22074e-11  4.3e-12   0.50869 ± 0.09907   0.309986
18  4.06725e-12  1.3e-12   0.37267 ± 0.12080   0.183148
19  1.39940e-12  5.8e-13   0.51289 ± 0.21273   0.344066
20  3.98460e-13  2.3e-13   0.58415 ± 0.33854   0.284736

=== env ./build/release/parabolic_tail global -1.75 0.0 -0.02 0.0 3 1 31 22 120 [15635 s]
c = -1.750000000000000 +0.000000000000000i, P 3, q 1: cycle multiplier 1.000000000000 +0.000000000000i (|·| - 1 = 2.2e-16, arg q/2π = 0.000000)
  z_0 = -0.054958132087 +0.000000000000i, a = -8.918887 +0.000000i (|a| 8.91889)
  z_1 = -1.746979603717 +0.000000000000i, a = 81.142557 +0.000000i (|a| 81.1426)
  z_2 = 1.301937735805 +0.000000000000i, a = -23.223670 +0.000000i (|a| 23.2237)
global, 2147483648 samples, max_iter 2^22: in K 0.056573, undecided 0.00e+00 (area)
 j  D_j          ±         B_j = D_j 2^(js) / (1 - 2^-s) ±    D_j / D_(j-1) (pred 0.125)
 0  7.76198e+00  1.3e-04   8.87083 ± 0.00015   
 1  3.21902e+00  1.2e-04   29.43103 ± 0.00108   0.414716
 2  1.24892e+00  8.1e-05   91.34964 ± 0.00593   0.387982
 3  2.53355e-01  3.8e-05   148.24890 ± 0.02230   0.202859
 4  2.52852e-02  1.2e-05   118.36374 ± 0.05688   0.099802
 5  1.19891e-03  2.6e-06   44.89808 ± 0.09919   0.047415
 6  3.73980e-05  4.7e-07   11.20420 ± 0.14015   0.031193
 7  2.48111e-06  1.2e-07   5.94659 ± 0.28879   0.066343
 8  2.45770e-07  3.8e-08   4.71239 ± 0.72714   0.099057
 9  1.75550e-08  1.0e-08   2.69279 ± 1.55469   0.071429
10  1.17033e-08  8.3e-09   14.36157 ± 10.15516   0.666667

=== env ./build/release/parabolic_tail local -1.75 0.0 -0.02 0.0 3 1 26 21 120 [15636 s]
c = -1.750000000000000 +0.000000000000000i, P 3, q 1: cycle multiplier 1.000000000000 +0.000000000000i (|·| - 1 = 2.2e-16, arg q/2π = 0.000000)
  z_0 = -0.054958132087 +0.000000000000i, a = -8.918887 +0.000000i (|a| 8.91889)
  z_1 = -1.746979603717 +0.000000000000i, a = 81.142557 +0.000000i (|a| 81.1426)
  z_2 = 1.301937735805 +0.000000000000i, a = -23.223670 +0.000000i (|a| 23.2237)
local: r in [7.05e-08, 0.05] around each cycle point
local, 67108864 samples, max_iter 2^21: in K 0.011136, undecided 1.39e-14 (area)
 j  D_j          ±         B_j = D_j 2^(js) / (1 - 2^-s) ±    D_j / D_(j-1) (pred 0.125)
 2  4.40264e-03  5.2e-06   0.32202 ± 0.00038   
 3  5.41306e-03  5.0e-06   3.16741 ± 0.00292   1.229502
 4  2.39135e-03  3.4e-06   11.19424 ± 0.01575   0.441774
 5  2.03556e-04  8.0e-07   7.62301 ± 0.03003   0.085122
 6  8.81322e-06  1.3e-07   2.64038 ± 0.03866   0.043296
 7  6.50005e-07  3.5e-08   1.55790 ± 0.08353   0.073753
 8  7.00431e-08  1.2e-08   1.34300 ± 0.22755   0.107758
 9  4.80310e-09  7.1e-11   0.73676 ± 0.01086   0.068573
10  5.54098e-10  1.2e-11   0.67995 ± 0.01459   0.115363
11  6.66324e-11  2.0e-12   0.65414 ± 0.01993   0.120254
12  8.26988e-12  3.5e-13   0.64949 ± 0.02750   0.124112
13  1.14231e-12  6.6e-14   0.71770 ± 0.04135   0.138129
14  1.24247e-13  1.1e-14   0.62451 ± 0.05504   0.108769
15  1.55378e-14  1.9e-15   0.62479 ± 0.07587   0.125056
16  1.74281e-15  3.2e-16   0.56064 ± 0.10395   0.112165
17  3.68025e-16  7.8e-17   0.94711 ± 0.20122   0.211168
18  2.20665e-17  8.5e-18   0.45430 ± 0.17600   0.059959
19  1.42836e-18  8.5e-19   0.23525 ± 0.13922   0.064730
20  6.28839e-19  4.0e-19   0.82857 ± 0.52765   0.440253

=== env ./build/release/parabolic_tail near 0.24609375 0 0.5 0 1 1 29 22 120 [16224 s]
near: c = 0.246093750000000 +0.000000000000000i, |λ| = 0.875000000000, 1 - |λ| = 1.250e-01, certifying |z - α| < 6.250e-02
c = 0.246093750000000 +0.000000000000000i, P 1, q 1: cycle multiplier 1.000000000000 +0.000000000000i (|·| - 1 = 0.0e+00, arg q/2π = 0.000000)
  z_0 = 0.500000000000 +0.000000000000i, a = 1.000000 +0.000000i (|a| 1)
near, 536870912 samples, max_iter 2^22: in K 2.941947, undecided 0.00e+00 (area)
 j  D_j          ±         B_j = D_j 2^(js) / (1 - 2^-s) ±    D_j / D_(j-1) (pred 0.125)
 0  6.30722e+00  2.7e-04   7.20825 ± 0.00031   
 1  2.60049e+00  2.2e-04   23.77595 ± 0.00201   0.412305
 2  6.43943e-01  1.2e-04   47.09982 ± 0.00875   0.247623
 3  7.01798e-02  4.0e-05   41.06519 ± 0.02365   0.108984
 4  2.55854e-03  7.7e-06   11.97688 ± 0.03622   0.036457
 5  2.80646e-05  8.1e-07   1.05100 ± 0.03035   0.010969
 6  2.34067e-08  2.3e-08   0.00701 ± 0.00701   0.000834

=== env ./build/release/parabolic_tail near 0.249755859375 0 0.5 0 1 1 29 22 120 [16225 s]
near: c = 0.249755859375000 +0.000000000000000i, |λ| = 0.968750000000, 1 - |λ| = 3.125e-02, certifying |z - α| < 1.562e-02
c = 0.249755859375000 +0.000000000000000i, P 1, q 1: cycle multiplier 1.000000000000 +0.000000000000i (|·| - 1 = 0.0e+00, arg q/2π = 0.000000)
  z_0 = 0.500000000000 +0.000000000000i, a = 1.000000 +0.000000i (|a| 1)
near, 536870912 samples, max_iter 2^22: in K 2.930764, undecided 0.00e+00 (area)
 j  D_j          ±         B_j = D_j 2^(js) / (1 - 2^-s) ±    D_j / D_(j-1) (pred 0.125)
 0  6.30793e+00  2.7e-04   7.20907 ± 0.00031   
 1  2.60228e+00  2.2e-04   23.79230 ± 0.00201   0.412541
 2  6.47683e-01  1.2e-04   47.37339 ± 0.00877   0.248890
 3  7.36859e-02  4.1e-05   43.11678 ± 0.02423   0.113768
 4  3.79738e-03  9.4e-06   17.77610 ± 0.04413   0.051535
 5  2.13609e-04  2.2e-06   7.99949 ± 0.08374   0.056252
 6  1.04862e-05  5.0e-07   3.14159 ± 0.14843   0.049091
 7  1.40440e-07  5.7e-08   0.33660 ± 0.13742   0.013393

=== env ./build/release/parabolic_tail near 0.2499847412109375 0 0.5 0 1 1 29 22 120 [16225 s]
near: c = 0.249984741210938 +0.000000000000000i, |λ| = 0.992187500000, 1 - |λ| = 7.812e-03, certifying |z - α| < 3.906e-03
c = 0.249984741210938 +0.000000000000000i, P 1, q 1: cycle multiplier 1.000000000000 +0.000000000000i (|·| - 1 = 0.0e+00, arg q/2π = 0.000000)
  z_0 = 0.500000000000 +0.000000000000i, a = 1.000000 +0.000000i (|a| 1)
near, 536870912 samples, max_iter 2^22: in K 2.929956, undecided 0.00e+00 (area)
 j  D_j          ±         B_j = D_j 2^(js) / (1 - 2^-s) ±    D_j / D_(j-1) (pred 0.125)
 0  6.30798e+00  2.7e-04   7.20912 ± 0.00031   
 1  2.60240e+00  2.2e-04   23.79338 ± 0.00201   0.412557
 2  6.47921e-01  1.2e-04   47.39081 ± 0.00877   0.248971
 3  7.39275e-02  4.1e-05   43.25818 ± 0.02427   0.114100
 4  3.90562e-03  9.6e-06   18.28275 ± 0.04475   0.052830
 5  2.56631e-04  2.5e-06   9.61061 ± 0.09178   0.065708
 6  2.25406e-05  7.3e-07   6.75302 ± 0.21761   0.087833
 7  1.98957e-06  2.2e-07   4.76849 ± 0.51722   0.088266
 8  9.36268e-08  4.7e-08   1.79520 ± 0.89760   0.047059

=== env ./build/release/parabolic_tail near -0.73443603515625 0 -0.5 0 1 2 29 22 120 [16227 s]
near: c = -0.734436035156250 +0.000000000000000i, |λ| = 0.984375000000, 1 - |λ| = 1.562e-02, certifying |z - α| < 7.812e-03
c = -0.734436035156250 +0.000000000000000i, P 1, q 2: cycle multiplier -0.984375000000 +0.000000000000i (|·| - 1 = -1.6e-02, arg q/2π = 1.000000)
warning: point 0: w^2 coefficient 0.0154
  z_0 = -0.492187500000 +0.000000000000i, a = -1.968750 +0.000000i (|a| 1.96875)
near, 536870912 samples, max_iter 2^22: in K 2.152923, undecided 0.00e+00 (area)
 j  D_j          ±         B_j = D_j 2^(js) / (1 - 2^-s) ±    D_j / D_(j-1) (pred 0.250)
 0  6.50096e+00  2.7e-04   8.66794 ± 0.00036   
 1  2.81010e+00  2.3e-04   14.98718 ± 0.00121   0.432259
 2  8.89716e-01  1.4e-04   18.98061 ± 0.00297   0.316614
 3  1.88908e-01  6.6e-05   16.12018 ± 0.00563   0.212324
 4  2.18717e-02  2.3e-05   7.46556 ± 0.00772   0.115780
 5  1.78738e-03  6.5e-06   2.44037 ± 0.00883   0.081721
 6  1.09005e-04  1.6e-06   0.59531 ± 0.00872   0.060986
 7  1.80232e-06  2.1e-07   0.03937 ± 0.00449   0.016534

=== env ./build/release/parabolic_tail near -0.7480478286743164 0 -0.5 0 1 2 29 22 120 [16228 s]
near: c = -0.748047828674316 +0.000000000000000i, |λ| = 0.998046875000, 1 - |λ| = 1.953e-03, certifying |z - α| < 9.766e-04
c = -0.748047828674316 +0.000000000000000i, P 1, q 2: cycle multiplier -0.998046875000 +0.000000000000i (|·| - 1 = -2.0e-03, arg q/2π = 1.000000)
warning: point 0: w^2 coefficient 0.00195
  z_0 = -0.499023437500 +0.000000000000i, a = -1.996094 +0.000000i (|a| 1.99609)
near, 536870912 samples, max_iter 2^22: in K 2.109438, undecided 0.00e+00 (area)
 j  D_j          ±         B_j = D_j 2^(js) / (1 - 2^-s) ±    D_j / D_(j-1) (pred 0.250)
 0  6.50933e+00  2.7e-04   8.67911 ± 0.00036   
 1  2.81818e+00  2.3e-04   15.03028 ± 0.00121   0.432944
 2  9.01464e-01  1.4e-04   19.23123 ± 0.00299   0.319875
 3  1.98482e-01  6.8e-05   16.93710 ± 0.00577   0.220177
 4  2.58646e-02  2.5e-05   8.82847 ± 0.00839   0.130313
 5  3.03816e-03  8.4e-06   4.14811 ± 0.01151   0.117464
 6  4.77871e-04  3.3e-06   2.60981 ± 0.01826   0.157289
 7  8.14085e-05  1.4e-06   1.77840 ± 0.03016   0.170357
 8  1.18204e-05  5.3e-07   1.03288 ± 0.04596   0.145198
 9  1.05330e-06  1.6e-07   0.36816 ± 0.05488   0.089109
10  2.34067e-08  2.3e-08   0.03272 ± 0.03272   0.022222

=== env ./build/release/parabolic_tail near -0.7497558742761612 0 -0.5 0 1 2 29 22 120 [16240 s]
near: c = -0.749755874276161 +0.000000000000000i, |λ| = 0.999755859375, 1 - |λ| = 2.441e-04, certifying |z - α| < 1.221e-04
c = -0.749755874276161 +0.000000000000000i, P 1, q 2: cycle multiplier -0.999755859375 +0.000000000000i (|·| - 1 = -2.4e-04, arg q/2π = 1.000000)
warning: point 0: w^2 coefficient 0.000244
  z_0 = -0.499877929688 +0.000000000000i, a = -1.999512 +0.000000i (|a| 1.99951)
near, 536870912 samples, max_iter 2^22: in K 2.103843, undecided 0.00e+00 (area)
 j  D_j          ±         B_j = D_j 2^(js) / (1 - 2^-s) ±    D_j / D_(j-1) (pred 0.250)
 0  6.51041e+00  2.7e-04   8.68055 ± 0.00036   
 1  2.81918e+00  2.3e-04   15.03563 ± 0.00121   0.433026
 2  9.02952e-01  1.4e-04   19.26298 ± 0.00299   0.320289
 3  1.99699e-01  6.8e-05   17.04095 ± 0.00579   0.221162
 4  2.63865e-02  2.5e-05   9.00658 ± 0.00847   0.132131
 5  3.21676e-03  8.7e-06   4.39195 ± 0.01185   0.121909
 6  5.42239e-04  3.6e-06   2.96135 ± 0.01946   0.168567
 7  1.09941e-04  1.6e-06   2.40170 ± 0.03504   0.202754
 8  2.46707e-05  7.6e-07   2.15575 ± 0.06640   0.224399
 9  5.52398e-06  3.6e-07   1.93077 ± 0.12568   0.223909
10  9.59674e-07  1.5e-07   1.34172 ± 0.20954   0.173729
11  7.02201e-08  4.1e-08   0.39270 ± 0.22672   0.073171

=== Done; results in /data/results/bench-20261007-140550.txt [16357 s]
