=== env ./build/release/parabolic_tail local 0.375 0.2165063509461096 0.25000000000000006 0.4330127018922193 1 6 26 24 --cuda [217 s]
local c = 0.375000000000000 +0.216506350946110i, P 1, q 6, 67108864 samples, max_iter 2^24, gpu: 33.2 s, 3.94e+12 iterations
  z_0 = 0.250000000000 +0.433012701892i, a = 6.000000 -100.458947i (|a| 100.638)
  shells: 2, half-sides 0.139 … 0.0348
in K 0.072509 ± 1.0e-05, undecided 5.23e-08 (area)
 j  D_j          ±         B_j = D_j 2^(js) / (1 - 2^-s) ±    D_j / D_(j-1) (pred 0.397)
 7  1.61523e-05  1.7e-07   0.01728 ± 0.00018   
 8  7.44732e-06  1.1e-07   0.02007 ± 0.00031   0.461069
 9  1.15801e-05  1.4e-07   0.07864 ± 0.00096   1.554936
10  7.02694e-06  1.1e-07   0.12025 ± 0.00189   0.606812
11  4.30232e-06  8.6e-08   0.18552 ± 0.00372   0.612260
12  1.70051e-06  5.4e-08   0.18477 ± 0.00589   0.395255
13  6.95861e-07  3.4e-08   0.19052 ± 0.00919   0.409207
14  2.57326e-07  2.0e-08   0.17754 ± 0.01346   0.369795
15  1.17635e-07  1.2e-08   0.20451 ± 0.02094   0.457143
16  4.15181e-08  5.8e-09   0.18188 ± 0.02542   0.352941
17  1.34069e-08  2.4e-09   0.14800 ± 0.02658   0.322917
18  7.78465e-09  1.8e-09   0.21654 ± 0.05104   0.580645
19  8.64961e-10  6.1e-10   0.06063 ± 0.04287   0.111111
20  2.16240e-09  9.7e-10   0.38192 ± 0.17080   2.500000

=== env ./build/release/parabolic_tail local 0.3673751344184454 0.14718376318855897 0.3117449009293668 0.3909157412340149 1 7 26 24 --cuda [250 s]
local c = 0.367375134418445 +0.147183763188559i, P 1, q 7, 67108864 samples, max_iter 2^24, gpu: 194.8 s, 3.11e+13 iterations
  z_0 = 0.311744900929 +0.390915741234i, a = -234.580877 +245.496243i (|a| 339.554)
  shells: 2, half-sides 0.13 … 0.0326
in K 0.063646 ± 9.1e-06, undecided 1.93e-04 (area)
 j  D_j          ±         B_j = D_j 2^(js) / (1 - 2^-s) ±    D_j / D_(j-1) (pred 0.410)
 9  7.13954e-07  3.3e-08   0.00368 ± 0.00017   
10  3.19224e-06  7.0e-08   0.04016 ± 0.00088   4.471215
11  2.72338e-06  6.4e-08   0.08352 ± 0.00197   0.853124
12  1.82523e-06  5.3e-08   0.13647 ± 0.00394   0.670207
13  8.08336e-07  3.5e-08   0.14735 ± 0.00639   0.442869
14  4.09496e-07  2.5e-08   0.18200 ± 0.01110   0.506591
15  1.52229e-07  1.5e-08   0.16495 ± 0.01649   0.371747
16  5.21384e-08  8.9e-09   0.13774 ± 0.02347   0.342500
17  1.78869e-08  4.6e-09   0.11520 ± 0.02931   0.343066
18  1.25589e-08  3.7e-09   0.19720 ± 0.05763   0.702128
19  1.90286e-09  8.5e-10   0.07285 ± 0.03258   0.151515
22  3.80572e-10  3.8e-10   0.21113 ± 0.21113   
23  3.80572e-10  3.8e-10   0.51475 ± 0.51475   1.000000

=== env ./build/release/parabolic_tail local 0.11398174999744765 0.5959348908703013 -0.11126046697815717 0.4874639560909118 1 7 26 24 --cuda [445 s]
local c = 0.113981749997448 +0.595934890870301i, P 1, q 7, 67108864 samples, max_iter 2^24, gpu: 221.2 s, 3.6e+13 iterations
  z_0 = -0.111260466978 +0.487463956091i, a = 165.644147 +123.445942i (|a| 206.584)
  shells: 2, half-sides 0.14 … 0.035
in K 0.073293 ± 1.0e-05, undecided 2.70e-04 (area)
 j  D_j          ±         B_j = D_j 2^(js) / (1 - 2^-s) ±    D_j / D_(j-1) (pred 0.410)
 7  3.14410e-06  7.4e-08   0.00273 ± 0.00006   
 8  8.38659e-06  1.2e-07   0.01775 ± 0.00026   2.667411
 9  4.11259e-06  8.5e-08   0.02122 ± 0.00044   0.490377
10  4.98634e-06  9.4e-08   0.06272 ± 0.00118   1.212457
11  2.81425e-06  7.0e-08   0.08631 ± 0.00216   0.564391
12  1.85803e-06  5.7e-08   0.13893 ± 0.00427   0.660224
13  9.56212e-07  4.1e-08   0.17431 ± 0.00747   0.514636
14  4.42138e-07  2.8e-08   0.19650 ± 0.01238   0.462385
15  1.58345e-07  1.6e-08   0.17158 ± 0.01766   0.358135
16  5.39514e-08  8.9e-09   0.14253 ± 0.02349   0.340720
17  2.01770e-08  5.2e-09   0.12995 ± 0.03366   0.373984
18  1.75452e-08  4.9e-09   0.27550 ± 0.07670   0.869565
19  4.38629e-09  1.4e-09   0.16792 ± 0.05310   0.250000
20  8.77259e-10  6.2e-10   0.08188 ± 0.05790   0.200000
21  1.31589e-09  7.6e-10   0.29943 ± 0.17288   1.500000
22  4.38629e-10  4.4e-10   0.24334 ± 0.24334   0.333333

=== env ./build/release/parabolic_tail local -0.6063568844158929 0.4123997401757866 -0.4504844339512095 0.21694186955877912 1 7 26 24 --cuda [667 s]
local c = -0.606356884415893 +0.412399740175787i, P 1, q 7, 67108864 samples, max_iter 2^24, gpu: 229.1 s, 3.74e+13 iterations
  z_0 = -0.450484433951 +0.216941869559i, a = 194.936730 -62.315279i (|a| 204.655)
  shells: 2, half-sides 0.14 … 0.0351
in K 0.073510 ± 1.0e-05, undecided 2.68e-04 (area)
 j  D_j          ±         B_j = D_j 2^(js) / (1 - 2^-s) ±    D_j / D_(j-1) (pred 0.410)
10  2.36968e-06  6.5e-08   0.02981 ± 0.00081   
11  3.89141e-06  8.3e-08   0.11934 ± 0.00254   1.642168
12  1.94571e-06  5.9e-08   0.14548 ± 0.00437   0.500000
13  1.00628e-06  4.2e-08   0.18344 ± 0.00767   0.517179
14  3.51845e-07  2.5e-08   0.15637 ± 0.01106   0.349650
15  1.56571e-07  1.7e-08   0.16965 ± 0.01798   0.445000
16  5.80545e-08  1.0e-08   0.15336 ± 0.02670   0.370787
17  2.06709e-08  5.5e-09   0.13313 ± 0.03527   0.356061
18  9.23594e-09  2.0e-09   0.14503 ± 0.03165   0.446809
19  4.39807e-09  1.4e-09   0.16837 ± 0.05324   0.476190
20  2.63884e-09  1.1e-09   0.24630 ± 0.10055   0.600000

=== Done; results in /data/results/bench-20261007-194853.txt [896 s]
=== env ./build/release/parabolic_tail global 0.3673751344184454 0.14718376318855897 0.3117449009293668 0.3909157412340149 1 7 34 22 --cuda [213 s]
global c = 0.367375134418445 +0.147183763188559i, P 1, q 7, 17179869184 samples, max_iter 2^22, gpu: 392.3 s, 5.99e+13 iterations
  z_0 = 0.311744900929 +0.390915741234i, a = -234.580877 +245.496243i (|a| 339.554)
in K 1.991681 ± 4.3e-05, undecided 9.49e-03 (area)
 j  D_j          ±         B_j = D_j 2^(js) / (1 - 2^-s) ±    D_j / D_(j-1) (pred 0.410)
 0  9.77875e+00  9.5e-05   16.57887 ± 0.00016   
 1  2.70590e+00  5.0e-05   11.18464 ± 0.00021   0.276712
 2  9.57846e-01  3.0e-05   9.65260 ± 0.00030   0.353984
 3  3.98361e-01  1.9e-05   9.78733 ± 0.00047   0.415893
 4  1.22884e-01  1.1e-05   7.36075 ± 0.00064   0.308474
 5  2.77033e-02  5.1e-06   4.04572 ± 0.00074   0.225442
 6  5.39271e-03  2.2e-06   1.92004 ± 0.00080   0.194659
 7  1.33076e-03  1.1e-06   1.15515 ± 0.00097   0.246770
 8  4.18887e-04  6.2e-07   0.88650 ± 0.00132   0.314773
 9  1.47683e-04  3.7e-07   0.76199 ± 0.00191   0.352560
10  5.48363e-05  2.3e-07   0.68980 ± 0.00284   0.371312
11  2.12546e-05  1.4e-07   0.65185 ± 0.00431   0.387602
12  8.38749e-06  8.8e-08   0.62714 ± 0.00661   0.394619
13  3.36207e-06  5.6e-08   0.61289 ± 0.01020   0.400844
14  1.30665e-06  3.5e-08   0.58072 ± 0.01550   0.388643
15  5.54137e-07  2.3e-08   0.60044 ± 0.02462   0.424091
16  2.11410e-07  1.4e-08   0.55849 ± 0.03707   0.381513
17  8.94070e-08  9.1e-09   0.57584 ± 0.05877   0.422907
18  3.91155e-08  6.0e-09   0.61421 ± 0.09477   0.437500
19  1.02445e-08  3.1e-09   0.39219 ± 0.11825   0.261905
20  2.79397e-09  1.6e-09   0.26077 ± 0.15056   0.272727
21  2.79397e-09  1.6e-09   0.63577 ± 0.36706   1.000000

=== env ./build/release/parabolic_tail global -1.75 0 -0.02 0 3 1 38 20 --cuda [605 s]
global c = -1.750000000000000 +0.000000000000000i, P 3, q 1, 274877906944 samples, max_iter 2^20, gpu: 27.3 s, 5.57e+11 iterations
  z_0 = -0.054958132087 +0.000000000000i, a = -8.918887 +0.000000i (|a| 8.91889)
  z_1 = -1.746979603717 +0.000000000000i, a = 81.142557 +0.000000i (|a| 81.1426)
  z_2 = 1.301937735805 +0.000000000000i, a = -23.223670 +0.000000i (|a| 23.2237)
in K 0.056606 ± 1.8e-06, undecided 0.00e+00 (area)
 j  D_j          ±         B_j = D_j 2^(js) / (1 - 2^-s) ±    D_j / D_(j-1) (pred 0.125)
 0  1.11956e+01  2.6e-05   12.79492 ± 0.00003   
 1  3.21901e+00  1.4e-05   29.43093 ± 0.00013   0.287525
 2  1.24898e+00  8.5e-06   91.35421 ± 0.00062   0.388003
 3  2.53333e-01  3.8e-06   148.23623 ± 0.00225   0.202832
 4  2.52726e-02  1.2e-06   118.30453 ± 0.00568   0.099760
 5  1.19699e-03  2.6e-07   44.82618 ± 0.00989   0.047363
 6  3.83127e-05  4.7e-08   11.47822 ± 0.01415   0.032008
 7  2.36003e-06  1.2e-08   5.65639 ± 0.02809   0.061599
 8  2.24099e-07  3.6e-09   4.29688 ± 0.06925   0.094956
 9  2.33413e-08  1.2e-09   3.58036 ± 0.17879   0.104156
10  2.32831e-09  3.7e-10   2.85714 ± 0.45175   0.099751
11  3.49246e-10  1.4e-10   3.42857 ± 1.39971   0.150000
12  5.82077e-11  5.8e-11   4.57143 ± 4.57143   0.166667

=== Done; results in /data/results/bench-20261007-194846.txt [633 s]
=== env ./build/release/parabolic_tail near -0.73443603515625 0 -0.5 0 1 2 32 24 --cuda [138 s]
near c = -0.734436035156250 +0.000000000000000i, P 1, q 2, 4294967296 samples, max_iter 2^24, gpu: 1.6 s, 1.05e+11 iterations
in K 2.152862 ± 9.0e-05, undecided 0.00e+00 (area)
 j  D_j          ±         B_j = D_j 2^(js) / (1 - 2^-s) ±    D_j / D_(j-1) (pred 0.250)
 0  9.93432e+00  1.9e-04   13.24576 ± 0.00026   
 1  2.81027e+00  1.0e-04   14.98812 ± 0.00055   0.282885
 2  8.89840e-01  5.8e-05   18.98325 ± 0.00123   0.316638
 3  1.88900e-01  2.7e-05   16.11948 ± 0.00226   0.212286
 4  2.19108e-02  9.0e-06   7.47888 ± 0.00308   0.115991
 5  1.78488e-03  2.6e-06   2.43695 ± 0.00352   0.081461
 6  1.07501e-04  6.3e-07   0.58710 ± 0.00346   0.060229
 7  1.49384e-06  7.5e-08   0.03263 ± 0.00163   0.013896

=== env ./build/release/parabolic_tail near -0.7460975646972656 0 -0.5 0 1 2 32 24 --cuda [139 s]
near c = -0.746097564697266 +0.000000000000000i, P 1, q 2, 4294967296 samples, max_iter 2^24, gpu: 2.6 s, 5.05e+11 iterations
in K 2.115745 ± 8.9e-05, undecided 0.00e+00 (area)
 j  D_j          ±         B_j = D_j 2^(js) / (1 - 2^-s) ±    D_j / D_(j-1) (pred 0.250)
 0  9.94149e+00  1.9e-04   13.25531 ± 0.00026   
 1  2.81722e+00  1.0e-04   15.02518 ± 0.00055   0.283380
 2  8.99871e-01  5.8e-05   19.19725 ± 0.00124   0.319418
 3  1.97117e-01  2.7e-05   16.82063 ± 0.00231   0.219050
 4  2.52737e-02  9.7e-06   8.62676 ± 0.00331   0.128217
 5  2.83059e-03  3.2e-06   3.86470 ± 0.00443   0.111997
 6  3.99016e-04  1.2e-06   2.17916 ± 0.00666   0.140966
 7  5.26458e-05  4.4e-07   1.15007 ± 0.00967   0.131939
 8  4.04567e-06  1.2e-07   0.35352 ± 0.01073   0.076847
 9  5.58794e-08  1.4e-08   0.01953 ± 0.00504   0.013812

=== env ./build/release/parabolic_tail near -0.7490236759185791 0 -0.5 0 1 2 32 24 --cuda [142 s]
near c = -0.749023675918579 +0.000000000000000i, P 1, q 2, 4294967296 samples, max_iter 2^24, gpu: 5.2 s, 2.41e+12 iterations
in K 2.106223 ± 8.9e-05, undecided 0.00e+00 (area)
 j  D_j          ±         B_j = D_j 2^(js) / (1 - 2^-s) ±    D_j / D_(j-1) (pred 0.250)
 0  9.94331e+00  1.9e-04   13.25774 ± 0.00026   
 1  2.81896e+00  1.0e-04   15.03446 ± 0.00055   0.283503
 2  9.02412e-01  5.8e-05   19.25147 ± 0.00124   0.320122
 3  1.99204e-01  2.7e-05   16.99872 ± 0.00232   0.220746
 4  2.61346e-02  9.9e-06   8.92062 ± 0.00337   0.131195
 5  3.12454e-03  3.4e-06   4.26604 ± 0.00466   0.119556
 6  5.14463e-04  1.4e-06   2.80965 ± 0.00756   0.164652
 7  9.77665e-05  6.0e-07   2.13574 ± 0.01318   0.190036
 8  1.85408e-05  2.6e-07   1.62012 ± 0.02296   0.189643
 9  2.65986e-06  1.0e-07   0.92969 ± 0.03479   0.143460
10  2.23517e-07  2.9e-08   0.31250 ± 0.04034   0.084034

=== env ./build/release/parabolic_tail near -0.7497558742761612 0 -0.5 0 1 2 32 24 --cuda [148 s]
near c = -0.749755874276161 +0.000000000000000i, P 1, q 2, 4294967296 samples, max_iter 2^24, gpu: 17.3 s, 1.12e+13 iterations
in K 2.103831 ± 8.9e-05, undecided 0.00e+00 (area)
 j  D_j          ±         B_j = D_j 2^(js) / (1 - 2^-s) ±    D_j / D_(j-1) (pred 0.250)
 0  9.94376e+00  1.9e-04   13.25834 ± 0.00026   
 1  2.81940e+00  1.0e-04   15.03683 ± 0.00055   0.283535
 2  9.03040e-01  5.8e-05   19.26486 ± 0.00124   0.320295
 3  1.99729e-01  2.7e-05   17.04351 ± 0.00233   0.221173
 4  2.63540e-02  9.9e-06   8.99550 ± 0.00338   0.131949
 5  3.19718e-03  3.5e-06   4.36521 ± 0.00471   0.121317
 6  5.43956e-04  1.4e-06   2.97072 ± 0.00777   0.170136
 7  1.10637e-04  6.4e-07   2.41691 ± 0.01402   0.203394
 8  2.39722e-05  3.0e-07   2.09473 ± 0.02611   0.216674
 9  5.31226e-06  1.4e-07   1.85677 ± 0.04917   0.221601
10  9.90927e-07  6.1e-08   1.38542 ± 0.08495   0.186536
11  1.71363e-07  2.5e-08   0.95833 ± 0.14130   0.172932
12  1.49012e-08  7.5e-09   0.33333 ± 0.16667   0.086957

=== env ./build/release/parabolic_tail near -0.7499389657750726 0 -0.5 0 1 2 32 24 --cuda [165 s]
near c = -0.749938965775073 +0.000000000000000i, P 1, q 2, 4294967296 samples, max_iter 2^24, gpu: 68.1 s, 5.13e+13 iterations
in K 2.103234 ± 8.9e-05, undecided 0.00e+00 (area)
 j  D_j          ±         B_j = D_j 2^(js) / (1 - 2^-s) ±    D_j / D_(j-1) (pred 0.250)
 0  9.94387e+00  1.9e-04   13.25849 ± 0.00026   
 1  2.81952e+00  1.0e-04   15.03742 ± 0.00055   0.283543
 2  9.03197e-01  5.8e-05   19.26821 ± 0.00124   0.320338
 3  1.99859e-01  2.7e-05   17.05466 ± 0.00233   0.221280
 4  2.64098e-02  9.9e-06   9.01455 ± 0.00339   0.132142
 5  3.21436e-03  3.5e-06   4.38867 ± 0.00472   0.121711
 6  5.51548e-04  1.4e-06   3.01219 ± 0.00783   0.171589
 7  1.13916e-04  6.5e-07   2.48853 ± 0.01423   0.206538
 8  2.56635e-05  3.1e-07   2.24251 ± 0.02702   0.225285
 9  5.97537e-06  1.5e-07   2.08854 ± 0.05215   0.232835
10  1.38208e-06  7.2e-08   1.93229 ± 0.10032   0.231297
11  2.86847e-07  3.3e-08   1.60417 ± 0.18281   0.207547
12  7.07805e-08  1.6e-08   1.58333 ± 0.36324   0.246753
13  3.72529e-09  3.7e-09   0.33333 ± 0.33333   0.052632

=== env ./build/release/parabolic_tail near 0.24609375 0 0.5 0 1 1 32 24 --cuda [233 s]
near c = 0.246093750000000 +0.000000000000000i, P 1, q 1, 4294967296 samples, max_iter 2^24, gpu: 0.6 s, 1.05e+10 iterations
in K 2.942095 ± 1.0e-04, undecided 0.00e+00 (area)
 j  D_j          ±         B_j = D_j 2^(js) / (1 - 2^-s) ±    D_j / D_(j-1) (pred 0.125)
 0  9.74067e+00  1.9e-04   11.13219 ± 0.00022   
 1  2.60048e+00  9.8e-05   23.77581 ± 0.00090   0.266971
 2  6.43952e-01  4.9e-05   47.10052 ± 0.00358   0.247628
 3  7.02228e-02  1.6e-05   41.09035 ± 0.00946   0.109050
 4  2.55203e-03  3.1e-06   11.94643 ± 0.01443   0.036342
 5  2.88524e-05  3.3e-07   1.08050 ± 0.01228   0.011306
 6  1.49012e-08  7.5e-09   0.00446 ± 0.00223   0.000516

=== env ./build/release/parabolic_tail near 0.249755859375 0 0.5 0 1 1 32 24 --cuda [234 s]
near c = 0.249755859375000 +0.000000000000000i, P 1, q 1, 4294967296 samples, max_iter 2^24, gpu: 0.7 s, 3.02e+10 iterations
in K 2.930912 ± 1.0e-04, undecided 0.00e+00 (area)
 j  D_j          ±         B_j = D_j 2^(js) / (1 - 2^-s) ±    D_j / D_(j-1) (pred 0.125)
 0  9.74138e+00  1.9e-04   11.13301 ± 0.00022   
 1  2.60229e+00  9.8e-05   23.79237 ± 0.00090   0.267138
 2  6.47704e-01  4.9e-05   47.37490 ± 0.00359   0.248898
 3  7.36981e-02  1.7e-05   43.12392 ± 0.00970   0.113784
 4  3.79083e-03  3.8e-06   17.74540 ± 0.01759   0.051437
 5  2.12450e-04  8.9e-07   7.95605 ± 0.03332   0.056043
 6  1.04122e-05  2.0e-07   3.11942 ± 0.05900   0.049010
 7  1.11759e-07  2.0e-08   0.26786 ± 0.04890   0.010733

=== env ./build/release/parabolic_tail near 0.2499847412109375 0 0.5 0 1 1 32 24 --cuda [235 s]
near c = 0.249984741210938 +0.000000000000000i, P 1, q 1, 4294967296 samples, max_iter 2^24, gpu: 1.3 s, 1.12e+11 iterations
in K 2.930110 ± 1.0e-04, undecided 0.00e+00 (area)
 j  D_j          ±         B_j = D_j 2^(js) / (1 - 2^-s) ±    D_j / D_(j-1) (pred 0.125)
 0  9.74143e+00  1.9e-04   11.13306 ± 0.00022   
 1  2.60241e+00  9.8e-05   23.79342 ± 0.00090   0.267148
 2  6.47942e-01  4.9e-05   47.39235 ± 0.00359   0.248978
 3  7.39345e-02  1.7e-05   43.26226 ± 0.00971   0.114107
 4  3.90329e-03  3.8e-06   18.27185 ± 0.01785   0.052794
 5  2.52940e-04  9.7e-07   9.47238 ± 0.03635   0.064802
 6  2.27503e-05  2.9e-07   6.81585 ± 0.08722   0.089944
 7  2.18675e-06  9.0e-08   5.24107 ± 0.21632   0.096119
 8  7.45058e-08  1.7e-08   1.42857 ± 0.31944   0.034072

=== env ./build/release/parabolic_tail near 0.2499990463256836 0 0.5 0 1 1 32 24 --cuda [236 s]
near c = 0.249999046325684 +0.000000000000000i, P 1, q 1, 4294967296 samples, max_iter 2^24, gpu: 2.6 s, 4.43e+11 iterations
in K 2.930059 ± 1.0e-04, undecided 0.00e+00 (area)
 j  D_j          ±         B_j = D_j 2^(js) / (1 - 2^-s) ±    D_j / D_(j-1) (pred 0.125)
 0  9.74143e+00  1.9e-04   11.13306 ± 0.00022   
 1  2.60241e+00  9.8e-05   23.79348 ± 0.00090   0.267149
 2  6.47957e-01  4.9e-05   47.39341 ± 0.00359   0.248983
 3  7.39501e-02  1.7e-05   43.27137 ± 0.00971   0.114128
 4  3.90926e-03  3.8e-06   18.29982 ± 0.01786   0.052864
 5  2.56479e-04  9.8e-07   9.60491 ± 0.03661   0.065608
 6  2.39387e-05  3.0e-07   7.17188 ± 0.08947   0.093336
 7  2.59280e-06  9.8e-08   6.21429 ± 0.23555   0.108310
 8  2.94298e-07  3.3e-08   5.64286 ± 0.63487   0.113506
 9  2.60770e-08  9.9e-09   4.00000 ± 1.51186   0.088608
10  3.72529e-09  3.7e-09   4.57143 ± 4.57143   0.142857

=== Done; results in /data/results/bench-20261007-195000.txt [239 s]
