
=== Machine [0 s]
name, memory.total [MiB], driver_version, clocks.max.sm [MHz]
NVIDIA H200, 143771 MiB, 570.133.20, 1980 MHz
CPUs: 176 visible, using 6 threads
clang version 22.1.8 (https://github.com/conda-forge/clangdev-feedstock 4376d67fb227e616ccc5717854d9d41ab142e4fa)

=== Cloning hybrid-area [2 s]
commit 2e0a72f7f1686a180e7f1c8ff7e50589d209148c

=== Configuring and building [3 s]
Run-time dependency OpenMP found: YES 5.1
Run-time dependency CUDA (modules: cudart_static) for cpp found: YES 12.8 (/usr/local/cuda)
ninja: Entering directory `/tmp/mandelbrot/build/release'
  % Total    % Received % Xferd  Average Speed  Time    Time    Time   Current
                                 Dload  Upload  Total   Spent   Left   Speed
  0      0   0      0   0      0      0      0                              0100  49197 100  49197   0      0 123.2k      0                              0100  49197 100  49197   0      0 123.2k      0                              0100  49197 100  49197   0      0 123.2k      0                              0
  % Total    % Received % Xferd  Average Speed  Time    Time    Time   Current
                                 Dload  Upload  Total   Spent   Left   Speed
  0      0   0      0   0      0      0      0                              0100  36215 100  36215   0      0  92481      0                              0100  36215 100  36215   0      0  92465      0                              0100  36215 100  36215   0      0  92454      0                              0
INFO: autodetecting backend as ninja
INFO: calculating backend command to run: /data/env-v3/bin/ninja -C /tmp/mandelbrot/build/release glavaurs

=== env python3 analysis/lavaurs/experiments/census_islands.py /data/results/gl2e --levels 6 --cmin 1e-12 --islands 300 --threads 12 [42 s]
19991 components above 1e-12 (tuned removed), 6 s
itineraries: 19834 of 19991 (failed mass 2.782e-08 of 4.345e-03), 89 s
level 2: mass 2.926480e-04: parent island found 95.2961%, orphan (non-critical piece) 4.7039%, parent not in census 0.0000%
level 3: mass 1.522333e-04: parent island found 87.5695%, orphan (non-critical piece) 9.6001%, parent not in census 2.8304%
level 4: mass 5.396846e-05: parent island found 95.7517%, orphan (non-critical piece) 1.8034%, parent not in census 2.4449%
level 5: mass 4.728159e-05: parent island found 89.9248%, orphan (non-critical piece) 0.9227%, parent not in census 9.1524%
level 6: mass 1.232462e-05: parent island found 88.8163%, orphan (non-critical piece) 0.7094%, parent not in census 10.4744%
L1 L1_3510      C 2.081e-01 sat 1 eps 1.0000  desc/C 0 0 0  bad m=1 nan m=2 nan (via N 0.00e+00)  B90 0 B99 0 of 0
L1 L1_3511      C 2.081e-01 sat 1 eps 1.0000  desc/C 0.000322 0.000493 0.000201  bad m=1 9.66e-01 m=2 1.00e+00 (via N 1.13e-01)  B90 4 B99 7 of 263
L2 L2_8         C 1.506e-02 sat 1 eps 0.4013  desc/C 0.00028 0.0012 0.000788  bad m=1 9.60e-01 m=2 9.98e-01 (via N 3.67e-02)  B90 2 B99 4 of 118
L3 L3_27121     C 3.064e-03 sat 1 eps 0.2285  desc/C 0.00517 0.00157 0.000305  bad m=1 2.52e-01 m=2 4.14e-01 (via N 7.94e-05)  B90 2 B99 3 of 22
L3 L3_27134     C 3.061e-03 sat 1 eps 0.2306  desc/C 0.00239 0.0032 0.00032  bad m=1 3.72e-02 m=2 5.58e-01 (via N 1.93e-03)  B90 3 B99 4 of 40
L1 L1_0         C 1.725e-03 sat 0 eps 1.0000  desc/C 0.111 0.0215 0.00443  bad m=1 4.49e-02 m=2 6.02e-02 (via N 1.02e-05)  B90 1 B99 3 of 52
L1 L1_1         C 1.725e-03 sat 0 eps 1.0000  desc/C 0 0 0  bad m=1 nan m=2 nan (via N 0.00e+00)  B90 0 B99 0 of 0
L4 L4_28107     C 9.675e-04 sat 1 eps 0.1499  desc/C 0.00565 0.000726 0  bad m=1 4.43e-01 m=2 nan (via N 1.06e-04)  B90 1 B99 2 of 11
L4 L4_28075     C 9.645e-04 sat 1 eps 0.1522  desc/C 0.00523 0.00336 0  bad m=1 1.97e-01 m=2 nan (via N 6.61e-04)  B90 1 B99 3 of 13
L2 L2_41        C 1.858e-04 sat 0 eps 0.1516  desc/C 0.193 0.0404 0.0105  bad m=1 1.47e-02 m=2 5.35e-02 (via N 1.72e-07)  B90 2 B99 4 of 20
L1 L1_3         C 5.902e-05 sat 0 eps 1.0000  desc/C 0 0 0  bad m=1 nan m=2 nan (via N 0.00e+00)  B90 0 B99 0 of 0
L1 L1_2         C 5.902e-05 sat 0 eps 1.0000  desc/C 0.0223 0.00036 0.000314  bad m=1 8.36e-02 m=2 5.44e-02 (via N 0.00e+00)  B90 3 B99 6 of 15
L1 L1_4         C 4.117e-05 sat 0 eps 1.0000  desc/C 0 0 0  bad m=1 nan m=2 nan (via N 0.00e+00)  B90 0 B99 0 of 0
L1 L1_5         C 4.117e-05 sat 0 eps 1.0000  desc/C 0.331 0.115 0.0426  bad m=1 1.97e-02 m=2 2.26e-02 (via N 0.00e+00)  B90 1 B99 2 of 10
L2 L2_95        C 3.943e-05 sat 0 eps 0.3464  desc/C 0.132 0.00623 0.00239  bad m=1 0.00e+00 m=2 1.71e-01 (via N 0.00e+00)  B90 2 B99 2 of 5
L3 L3_27138     C 3.336e-05 sat 0 eps 0.1021  desc/C 0.221 0.0557 0.00902  bad m=1 0.00e+00 m=2 2.73e-02 (via N 0.00e+00)  B90 2 B99 2 of 3
L1 L1_7         C 2.702e-05 sat 0 eps 1.0000  desc/C 0.0131 0.00321 1.36e-05  bad m=1 2.53e-03 m=2 9.76e-02 (via N 0.00e+00)  B90 3 B99 7 of 9
L1 L1_6         C 2.702e-05 sat 0 eps 1.0000  desc/C 0 0 0  bad m=1 nan m=2 nan (via N 0.00e+00)  B90 0 B99 0 of 0
L4 L4_28134     C 1.580e-05 sat 0 eps 0.0581  desc/C 0.0677 0.0536 0  bad m=1 3.88e-01 m=2 nan (via N 4.46e-03)  B90 2 B99 4 of 18
L2 L2_42        C 1.366e-05 sat 0 eps 0.0825  desc/C 0.372 0.0067 0.00485  bad m=1 0.00e+00 m=2 4.41e-02 (via N 0.00e+00)  B90 2 B99 3 of 7
L2 L2_73        C 1.317e-05 sat 0 eps 0.0788  desc/C 0.357 0.133 0.0516  bad m=1 5.25e-04 m=2 1.97e-02 (via N 0.00e+00)  B90 1 B99 2 of 6
L1 L1_8         C 1.315e-05 sat 0 eps 1.0000  desc/C 0 0 0  bad m=1 nan m=2 nan (via N 0.00e+00)  B90 0 B99 0 of 0
L1 L1_9         C 1.315e-05 sat 0 eps 1.0000  desc/C 0.0586 0.00885 4.05e-05  bad m=1 4.53e-03 m=2 1.05e-01 (via N 0.00e+00)  B90 2 B99 4 of 7
L1 L1_11        C 7.298e-06 sat 0 eps 1.0000  desc/C 0 0 0  bad m=1 nan m=2 nan (via N 0.00e+00)  B90 0 B99 0 of 0
L1 L1_10        C 7.298e-06 sat 0 eps 1.0000  desc/C 0.0169 0.000772 5.02e-06  bad m=1 1.27e-02 m=2 4.30e-02 (via N 0.00e+00)  B90 2 B99 5 of 5
L4 L4_28122     C 7.108e-06 sat 0 eps 0.0477  desc/C 1.16 0.0552 0  bad m=1 4.24e-02 m=2 nan (via N 7.11e-03)  B90 3 B99 5 of 10
L4 L4_86080     C 6.993e-06 sat 0 eps 0.0710  desc/C 0.249 0.0418 0  bad m=1 0.00e+00 m=2 nan (via N 0.00e+00)  B90 0 B99 0 of 0
L1 L1_12        C 5.273e-06 sat 0 eps 1.0000  desc/C 0.0137 0.00136 0.000129  bad m=1 2.57e-03 m=2 5.37e-03 (via N 0.00e+00)  B90 3 B99 4 of 4
L1 L1_13        C 5.273e-06 sat 0 eps 1.0000  desc/C 0 0 0  bad m=1 nan m=2 nan (via N 0.00e+00)  B90 0 B99 0 of 0
L2 L2_81        C 4.997e-06 sat 0 eps 0.0652  desc/C 0.0608 0.00321 0.000741  bad m=1 0.00e+00 m=2 6.25e-02 (via N 0.00e+00)  B90 3 B99 4 of 4
L3 L3_27141     C 4.861e-06 sat 0 eps 0.0609  desc/C 1.3 2.36 0.19  bad m=1 9.79e-01 m=2 8.62e-01 (via N 5.80e-06)  B90 1 B99 1 of 11
L3 L3_27172     C 4.850e-06 sat 0 eps 0.0655  desc/C 0.0151 0.0109 0.00197  bad m=1 0.00e+00 m=2 2.87e-02 (via N 0.00e+00)  B90 1 B99 2 of 3
L3 L3_27127     C 4.571e-06 sat 0 eps 0.0605  desc/C 0.378 0.148 0.0274  bad m=1 0.00e+00 m=2 2.29e-03 (via N 0.00e+00)  B90 2 B99 2 of 2
L3 L3_27139     C 3.761e-06 sat 0 eps 0.0537  desc/C 0.05 0.0147 0.0055  bad m=1 0.00e+00 m=2 1.30e-01 (via N 0.00e+00)  B90 2 B99 3 of 5
L1 L1_14        C 3.750e-06 sat 0 eps 1.0000  desc/C 0 0 0  bad m=1 nan m=2 nan (via N 0.00e+00)  B90 0 B99 0 of 0
L1 L1_15        C 3.750e-06 sat 0 eps 1.0000  desc/C 0.172 0.0266 0.000127  bad m=1 1.19e-03 m=2 1.17e-01 (via N 0.00e+00)  B90 2 B99 2 of 2
L1 L1_17        C 3.639e-06 sat 0 eps 1.0000  desc/C 0.534 0.264 0.131  bad m=1 9.43e-04 m=2 1.59e-03 (via N 0.00e+00)  B90 1 B99 2 of 6
L1 L1_16        C 3.639e-06 sat 0 eps 1.0000  desc/C 0 0 0  bad m=1 nan m=2 nan (via N 0.00e+00)  B90 0 B99 0 of 0
L3 L3_27209     C 3.118e-06 sat 0 eps 0.1607  desc/C 0.19 0.0216 0.00681  bad m=1 0.00e+00 m=2 0.00e+00 (via N 0.00e+00)  B90 0 B99 0 of 0
L2 L2_96        C 3.002e-06 sat 0 eps 0.2076  desc/C 24.7 2.16 3.83  bad m=1 4.43e-01 m=2 9.79e-01 (via N 1.52e-04)  B90 1 B99 2 of 39
L2 L2_58        C 1.913e-06 sat 0 eps 0.0490  desc/C 0.501 0.249 0.124  bad m=1 7.85e-05 m=2 1.56e-03 (via N 0.00e+00)  B90 2 B99 2 of 4
L4 L4_86065     C 1.694e-06 sat 0 eps 0.0477  desc/C 0.394 0.073 0  bad m=1 0.00e+00 m=2 nan (via N 0.00e+00)  B90 0 B99 0 of 0
L4 L4_86103     C 1.485e-06 sat 0 eps 0.0496  desc/C 0.317 0.113 0  bad m=1 0.00e+00 m=2 nan (via N 0.00e+00)  B90 0 B99 0 of 0
L3 L3_27198     C 1.457e-06 sat 0 eps 0.1808  desc/C 0.0145 0.0463 0.00301  bad m=1 0.00e+00 m=2 4.01e-04 (via N 0.00e+00)  B90 1 B99 1 of 1
L3 L3_380662    C 1.379e-06 sat 0 eps 0.0416  desc/C 0.0333 0.019 0.00328  bad m=1 0.00e+00 m=2 2.78e-02 (via N 0.00e+00)  B90 2 B99 2 of 2
L1 L1_18        C 1.352e-06 sat 0 eps 1.0000  desc/C 0.0132 0.000547 1.61e-06  bad m=1 0.00e+00 m=2 0.00e+00 (via N 0.00e+00)  B90 0 B99 0 of 0
L1 L1_19        C 1.352e-06 sat 0 eps 1.0000  desc/C 0 0 0  bad m=1 nan m=2 nan (via N 0.00e+00)  B90 0 B99 0 of 0
L1 L1_21        C 1.017e-06 sat 0 eps 1.0000  desc/C 0.345 0.0648 0.000312  bad m=1 4.42e-04 m=2 1.80e-02 (via N 0.00e+00)  B90 2 B99 2 of 2
L1 L1_20        C 1.017e-06 sat 0 eps 1.0000  desc/C 0 0 0  bad m=1 nan m=2 nan (via N 0.00e+00)  B90 0 B99 0 of 0
L3 L3_27173     C 9.954e-07 sat 0 eps 0.0423  desc/C 1.53 2.34 0.198  bad m=1 9.64e-01 m=2 7.74e-01 (via N 3.94e-05)  B90 1 B99 2 of 5
L2 L2_74        C 9.691e-07 sat 0 eps 0.0420  desc/C 0.00849 0.0175 0.00311  bad m=1 6.26e-04 m=2 6.68e-03 (via N 0.00e+00)  B90 2 B99 2 of 2
L3 L3_141080    C 9.582e-07 sat 0 eps 0.0405  desc/C 0.0879 0.0146 0.00247  bad m=1 0.00e+00 m=2 0.00e+00 (via N 0.00e+00)  B90 0 B99 0 of 0
L3 L3_14740     C 9.568e-07 sat 0 eps 0.1147  desc/C 0.0963 0.689 0.141  bad m=1 0.00e+00 m=2 0.00e+00 (via N 0.00e+00)  B90 0 B99 0 of 0
L3 L3_27116     C 9.437e-07 sat 0 eps 0.0407  desc/C 0.502 0.251 0.057  bad m=1 0.00e+00 m=2 3.18e-04 (via N 0.00e+00)  B90 2 B99 2 of 2
L1 L1_23        C 8.261e-07 sat 0 eps 1.0000  desc/C 0 0 0  bad m=1 nan m=2 nan (via N 0.00e+00)  B90 0 B99 0 of 0
L1 L1_22        C 8.261e-07 sat 0 eps 1.0000  desc/C 0.0116 0.000965 9.34e-05  bad m=1 0.00e+00 m=2 0.00e+00 (via N 0.00e+00)  B90 0 B99 0 of 0
L2 L2_171       C 8.101e-07 sat 0 eps 0.3045  desc/C 0.107 0.0948 0.0134  bad m=1 0.00e+00 m=2 2.00e-03 (via N 0.00e+00)  B90 2 B99 2 of 2
L2 L2_79        C 7.521e-07 sat 0 eps 0.0389  desc/C 0.152 0.000585 4.33e-05  bad m=1 2.67e-02 m=2 2.19e-01 (via N 0.00e+00)  B90 2 B99 2 of 2
L1 L1_25        C 7.039e-07 sat 0 eps 1.0000  desc/C 0.125 0.0896 0.0127  bad m=1 7.71e-05 m=2 1.68e-03 (via N 0.00e+00)  B90 1 B99 2 of 2
L1 L1_24        C 7.039e-07 sat 0 eps 1.0000  desc/C 0 0 0  bad m=1 nan m=2 nan (via N 0.00e+00)  B90 0 B99 0 of 0
L4 L4_118574    C 6.712e-07 sat 0 eps 0.0361  desc/C 0.239 0.155 0  bad m=1 5.38e-01 m=2 nan (via N 0.00e+00)  B90 1 B99 1 of 3
L1 L1_27        C 6.537e-07 sat 0 eps 1.0000  desc/C 0 0 0  bad m=1 nan m=2 nan (via N 0.00e+00)  B90 0 B99 0 of 0
L1 L1_26        C 6.537e-07 sat 0 eps 1.0000  desc/C 0.0403 0.00274 0.000339  bad m=1 6.29e-04 m=2 0.00e+00 (via N 0.00e+00)  B90 1 B99 1 of 1
L4 L4_269502    C 6.387e-07 sat 0 eps 0.0259  desc/C 0.471 0.0377 0  bad m=1 4.16e-01 m=2 nan (via N 0.00e+00)  B90 2 B99 2 of 2
L2 L2_70        C 6.380e-07 sat 0 eps 0.0374  desc/C 0.155 0.000673 4.36e-05  bad m=1 1.19e-02 m=2 3.77e-02 (via N 0.00e+00)  B90 2 B99 2 of 2
L3 L3_27148     C 5.967e-07 sat 0 eps 0.0314  desc/C 0.218 0.494 0.0303  bad m=1 6.15e-02 m=2 9.63e-01 (via N 1.13e-04)  B90 1 B99 2 of 5
L3 L3_27146     C 5.664e-07 sat 0 eps 0.0316  desc/C 0.0328 0.0392 0.00482  bad m=1 0.00e+00 m=2 7.70e-04 (via N 0.00e+00)  B90 1 B99 1 of 1
L1 L1_29        C 5.661e-07 sat 0 eps 1.0000  desc/C 0.707 0.442 0.267  bad m=1 1.73e-04 m=2 2.65e-04 (via N 0.00e+00)  B90 2 B99 2 of 2
L1 L1_28        C 5.661e-07 sat 0 eps 1.0000  desc/C 0 0 0  bad m=1 nan m=2 nan (via N 0.00e+00)  B90 0 B99 0 of 0
L4 L4_68590     C 5.365e-07 sat 0 eps 0.0895  desc/C 0.295 0.0496 0  bad m=1 0.00e+00 m=2 nan (via N 0.00e+00)  B90 0 B99 0 of 0
L1 L1_31        C 4.898e-07 sat 0 eps 1.0000  desc/C 0 0 0  bad m=1 nan m=2 nan (via N 0.00e+00)  B90 0 B99 0 of 0
L1 L1_30        C 4.898e-07 sat 0 eps 1.0000  desc/C 0.0249 0.000931 0  bad m=1 0.00e+00 m=2 nan (via N 0.00e+00)  B90 0 B99 0 of 0
L2 L2_179       C 4.872e-07 sat 0 eps 0.2633  desc/C 1.17 0.0478 0.0473  bad m=1 0.00e+00 m=2 7.49e-04 (via N 0.00e+00)  B90 1 B99 1 of 1
L2 L2_267       C 4.843e-07 sat 0 eps 0.3025  desc/C 0.282 1.39 0.345  bad m=1 0.00e+00 m=2 3.56e-04 (via N 0.00e+00)  B90 1 B99 2 of 2
L3 L3_141068    C 4.708e-07 sat 0 eps 0.0316  desc/C 0.0965 0.00943 0.00137  bad m=1 3.64e-03 m=2 0.00e+00 (via N 0.00e+00)  B90 1 B99 1 of 1
L4 L4_86050     C 4.673e-07 sat 0 eps 0.0342  desc/C 0.503 0.115 0  bad m=1 0.00e+00 m=2 nan (via N 0.00e+00)  B90 0 B99 0 of 0
L4 L4_154857    C 4.574e-07 sat 0 eps 0.0351  desc/C 1.45 0.202 0  bad m=1 4.66e-01 m=2 nan (via N 2.53e-05)  B90 2 B99 2 of 4
L3 L3_141099    C 4.556e-07 sat 0 eps 0.0354  desc/C 3.27 1.04 0.369  bad m=1 0.00e+00 m=2 2.86e-04 (via N 0.00e+00)  B90 1 B99 1 of 1
L3 L3_27171     C 3.978e-07 sat 0 eps 0.0299  desc/C 0.0271 0.0162 0.0127  bad m=1 0.00e+00 m=2 0.00e+00 (via N 0.00e+00)  B90 0 B99 0 of 0
L2 L2_181       C 3.975e-07 sat 0 eps 0.2996  desc/C 0.0637 0.00571 0.00132  bad m=1 0.00e+00 m=2 3.44e-03 (via N 0.00e+00)  B90 1 B99 1 of 1
L2 L2_49        C 3.960e-07 sat 0 eps 0.0332  desc/C 0.631 0.382 0.225  bad m=1 1.12e-05 m=2 2.66e-04 (via N 0.00e+00)  B90 2 B99 2 of 2
L2 L2_274       C 3.819e-07 sat 0 eps 0.2648  desc/C 1.9 0.345 0.772  bad m=1 1.20e-01 m=2 6.17e-02 (via N 5.94e-05)  B90 1 B99 2 of 5
L2 L2_137       C 3.758e-07 sat 0 eps 0.1186  desc/C 0.0811 0.00623 0.000695  bad m=1 3.03e-02 m=2 1.69e-02 (via N 0.00e+00)  B90 2 B99 2 of 2
L2 L2_56        C 3.488e-07 sat 0 eps 0.0323  desc/C 0.188 0.000861 8.08e-05  bad m=1 3.36e-03 m=2 0.00e+00 (via N 0.00e+00)  B90 1 B99 1 of 1
L1 L1_32        C 3.054e-07 sat 0 eps 1.0000  desc/C 0.0128 0.000629 0  bad m=1 0.00e+00 m=2 nan (via N 0.00e+00)  B90 0 B99 0 of 0
L1 L1_33        C 3.054e-07 sat 0 eps 1.0000  desc/C 0 0 0  bad m=1 nan m=2 nan (via N 0.00e+00)  B90 0 B99 0 of 0
L1 L1_34        C 2.936e-07 sat 0 eps 1.0000  desc/C 0 0 0  bad m=1 nan m=2 nan (via N 0.00e+00)  B90 0 B99 0 of 0
L1 L1_35        C 2.936e-07 sat 0 eps 1.0000  desc/C 0.539 0.127 0.000623  bad m=1 1.18e-04 m=2 0.00e+00 (via N 0.00e+00)  B90 2 B99 2 of 2
L2 L2_84        C 2.915e-07 sat 0 eps 0.0309  desc/C 0.293 0.00101 6.48e-05  bad m=1 5.27e-02 m=2 1.83e-01 (via N 0.00e+00)  B90 2 B99 2 of 2
L4 L4_86083     C 2.627e-07 sat 0 eps 0.0300  desc/C 0.0939 0.0196 0  bad m=1 0.00e+00 m=2 nan (via N 0.00e+00)  B90 0 B99 0 of 0
L1 L1_37        C 2.608e-07 sat 0 eps 1.0000  desc/C 0.141 0.0155 2.28e-05  bad m=1 1.36e-03 m=2 0.00e+00 (via N 0.00e+00)  B90 1 B99 1 of 1
L1 L1_36        C 2.608e-07 sat 0 eps 1.0000  desc/C 0 0 0  bad m=1 nan m=2 nan (via N 0.00e+00)  B90 0 B99 0 of 0
L3 L3_27142     C 2.470e-07 sat 0 eps 0.0292  desc/C 0.61 0.36 0.0978  bad m=1 0.00e+00 m=2 4.42e-05 (via N 0.00e+00)  B90 1 B99 1 of 1
L3 L3_27183     C 2.378e-07 sat 0 eps 0.0879  desc/C 22.5 0.572 0.841  bad m=1 9.52e-01 m=2 9.55e-01 (via N 3.40e-06)  B90 1 B99 1 of 4
L4 L4_118575    C 2.319e-07 sat 0 eps 0.0232  desc/C 0.267 0.065 0  bad m=1 0.00e+00 m=2 nan (via N 0.00e+00)  B90 0 B99 0 of 0
L4 L4_86122     C 2.219e-07 sat 0 eps 0.0300  desc/C 0.481 0.232 0  bad m=1 0.00e+00 m=2 nan (via N 0.00e+00)  B90 0 B99 0 of 0
L4 L4_154886    C 2.087e-07 sat 0 eps 0.0314  desc/C 0.627 0.956 0  bad m=1 8.14e-01 m=2 nan (via N 0.00e+00)  B90 1 B99 1 of 4
L2 L2_75        C 1.941e-07 sat 0 eps 0.0285  desc/C 0.0268 0.00309 0.000644  bad m=1 0.00e+00 m=2 0.00e+00 (via N 0.00e+00)  B90 0 B99 0 of 0
L1 L1_39        C 1.860e-07 sat 0 eps 1.0000  desc/C 0 0 0  bad m=1 nan m=2 nan (via N 0.00e+00)  B90 0 B99 0 of 0
L1 L1_38        C 1.860e-07 sat 0 eps 1.0000  desc/C 0.00607 0.000798 5.13e-05  bad m=1 0.00e+00 m=2 0.00e+00 (via N 0.00e+00)  B90 0 B99 0 of 0
L4 L4_224236    C 1.593e-07 sat 0 eps 0.0242  desc/C 0.0195 0.00944 0  bad m=1 0.00e+00 m=2 nan (via N 0.00e+00)  B90 0 B99 0 of 0
L3 L3_27214     C 1.583e-07 sat 0 eps 0.1094  desc/C 0.0166 0.0508 0.00458  bad m=1 0.00e+00 m=2 0.00e+00 (via N 0.00e+00)  B90 0 B99 0 of 0
L2 L2_8006      C 1.575e-07 sat 0 eps 0.0266  desc/C 0.236 0.00112 0.000111  bad m=1 0.00e+00 m=2 0.00e+00 (via N 0.00e+00)  B90 0 B99 0 of 0
L3 L3_27236     C 1.526e-07 sat 0 eps 0.0838  desc/C 5.75 4.76 0.693  bad m=1 2.55e-01 m=2 8.22e-01 (via N 4.25e-04)  B90 3 B99 3 of 15
L3 L3_294848    C 1.512e-07 sat 0 eps 0.0270  desc/C 0.0677 0.017 0.00482  bad m=1 0.00e+00 m=2 0.00e+00 (via N 0.00e+00)  B90 0 B99 0 of 0
L4 L4_86033     C 1.488e-07 sat 0 eps 0.0257  desc/C 0.597 0.162 0  bad m=1 0.00e+00 m=2 nan (via N 0.00e+00)  B90 0 B99 0 of 0
L4 L4_145706    C 1.445e-07 sat 0 eps 0.0246  desc/C 74.8 6.13 0  bad m=1 8.59e-01 m=2 nan (via N 5.46e-06)  B90 1 B99 2 of 5
L4 L4_123268    C 1.294e-07 sat 0 eps 0.0222  desc/C 0.0597 0.065 0  bad m=1 1.23e-02 m=2 nan (via N 0.00e+00)  B90 2 B99 3 of 3
L3 L3_27125     C 1.282e-07 sat 0 eps 0.0237  desc/C 5.25 1.3 0.814  bad m=1 2.31e-04 m=2 5.37e-01 (via N 0.00e+00)  B90 1 B99 1 of 2
L1 L1_43        C 1.275e-07 sat 0 eps 1.0000  desc/C 0.00754 0.00129 0.000217  bad m=1 0.00e+00 m=2 0.00e+00 (via N 0.00e+00)  B90 0 B99 0 of 0
L1 L1_42        C 1.275e-07 sat 0 eps 1.0000  desc/C 0 0 0  bad m=1 nan m=2 nan (via N 0.00e+00)  B90 0 B99 0 of 0
L1 L1_40        C 1.257e-07 sat 0 eps 1.0000  desc/C 0 0 0  bad m=1 nan m=2 nan (via N 0.00e+00)  B90 0 B99 0 of 0
L1 L1_41        C 1.257e-07 sat 0 eps 1.0000  desc/C 0.836 0.614 0.425  bad m=1 0.00e+00 m=2 8.81e-05 (via N 0.00e+00)  B90 1 B99 1 of 1
L2 L2_354       C 1.257e-07 sat 0 eps 0.2312  desc/C 0.2 0.0374 0.0221  bad m=1 0.00e+00 m=2 0.00e+00 (via N 0.00e+00)  B90 0 B99 0 of 0
L3 L3_27130     C 1.256e-07 sat 0 eps 0.0269  desc/C 0.104 0.0111 0.000944  bad m=1 0.00e+00 m=2 0.00e+00 (via N 0.00e+00)  B90 0 B99 0 of 0
L3 L3_141074    C 1.238e-07 sat 0 eps 0.0277  desc/C 0.0893 0.0154 0.00291  bad m=1 0.00e+00 m=2 5.30e-02 (via N 0.00e+00)  B90 1 B99 1 of 1
L4 L4_28224     C 1.139e-07 sat 0 eps 0.0586  desc/C 0.156 1.09 0  bad m=1 0.00e+00 m=2 nan (via N 0.00e+00)  B90 0 B99 0 of 0
L3 L3_27150     C 1.126e-07 sat 0 eps 0.0240  desc/C 0.00253 0.000229 0  bad m=1 0.00e+00 m=2 nan (via N 0.00e+00)  B90 0 B99 0 of 0
L2 L2_19708     C 1.098e-07 sat 0 eps 0.0246  desc/C 0.0452 0.000109 0  bad m=1 0.00e+00 m=2 nan (via N 0.00e+00)  B90 0 B99 0 of 0
L4 L4_68616     C 1.077e-07 sat 0 eps 0.0973  desc/C 0.666 0.011 0  bad m=1 0.00e+00 m=2 nan (via N 0.00e+00)  B90 0 B99 0 of 0
L3 L3_27230     C 1.068e-07 sat 0 eps 0.0862  desc/C 0.0172 0.0656 0.0176  bad m=1 0.00e+00 m=2 0.00e+00 (via N 0.00e+00)  B90 0 B99 0 of 0
L2 L2_39        C 1.042e-07 sat 0 eps 0.0239  desc/C 0.739 0.513 0.494  bad m=1 0.00e+00 m=2 2.52e-05 (via N 0.00e+00)  B90 1 B99 1 of 1
L3 L3_294849    C 1.041e-07 sat 0 eps 0.0254  desc/C 0.0433 0.00867 0.00221  bad m=1 0.00e+00 m=2 0.00e+00 (via N 0.00e+00)  B90 0 B99 0 of 0
L3 L3_149634    C 9.756e-08 sat 0 eps 0.0233  desc/C 0.00299 0.00025 0  bad m=1 0.00e+00 m=2 nan (via N 0.00e+00)  B90 0 B99 0 of 0
L4 L4_28215     C 9.658e-08 sat 0 eps 0.0839  desc/C 8.75 0.296 0  bad m=1 4.63e-01 m=2 nan (via N 0.00e+00)  B90 2 B99 3 of 6
L1 L1_45        C 9.433e-08 sat 0 eps 1.0000  desc/C 0.707 0.206 0.00106  bad m=1 0.00e+00 m=2 0.00e+00 (via N 0.00e+00)  B90 0 B99 0 of 0
L1 L1_44        C 9.433e-08 sat 0 eps 1.0000  desc/C 0 0 0  bad m=1 nan m=2 nan (via N 0.00e+00)  B90 0 B99 0 of 0
L1 L1_46        C 9.357e-08 sat 0 eps 1.0000  desc/C 0.00827 0.00413 1.6e-05  bad m=1 0.00e+00 m=2 0.00e+00 (via N 0.00e+00)  B90 0 B99 0 of 0
L1 L1_47        C 9.357e-08 sat 0 eps 1.0000  desc/C 0 0 0  bad m=1 nan m=2 nan (via N 0.00e+00)  B90 0 B99 0 of 0
L4 L4_123286    C 9.329e-08 sat 0 eps 0.0211  desc/C 0.305 0.126 0  bad m=1 0.00e+00 m=2 nan (via N 0.00e+00)  B90 0 B99 0 of 0
L3 L3_149662    C 8.791e-08 sat 0 eps 0.0233  desc/C 2.53 1.22 0.585  bad m=1 0.00e+00 m=2 1.55e-04 (via N 0.00e+00)  B90 2 B99 2 of 2
L3 L3_27191     C 8.556e-08 sat 0 eps 0.0826  desc/C 0.196 0.0219 0.00295  bad m=1 0.00e+00 m=2 7.88e-02 (via N 0.00e+00)  B90 1 B99 1 of 1
L1 L1_49        C 8.438e-08 sat 0 eps 1.0000  desc/C 0 0 0  bad m=1 nan m=2 nan (via N 0.00e+00)  B90 0 B99 0 of 0
L1 L1_48        C 8.438e-08 sat 0 eps 1.0000  desc/C 0.013 0.000499 0  bad m=1 0.00e+00 m=2 nan (via N 0.00e+00)  B90 0 B99 0 of 0
L3 L3_27174     C 8.424e-08 sat 0 eps 0.0224  desc/C 0.00223 0.000184 0  bad m=1 0.00e+00 m=2 nan (via N 0.00e+00)  B90 0 B99 0 of 0
L2 L2_59        C 8.354e-08 sat 0 eps 0.0226  desc/C 0.754 0.107 0.0223  bad m=1 0.00e+00 m=2 0.00e+00 (via N 0.00e+00)  B90 0 B99 0 of 0
L2 L2_364       C 8.224e-08 sat 0 eps 0.2299  desc/C 0.15 0.0126 0.00572  bad m=1 0.00e+00 m=2 0.00e+00 (via N 0.00e+00)  B90 0 B99 0 of 0
L3 L3_27129     C 7.640e-08 sat 0 eps 0.0219  desc/C 0.698 0.674 0.149  bad m=1 0.00e+00 m=2 0.00e+00 (via N 0.00e+00)  B90 0 B99 0 of 0
L1 L1_51        C 7.530e-08 sat 0 eps 1.0000  desc/C 0 0 0  bad m=1 nan m=2 nan (via N 0.00e+00)  B90 0 B99 0 of 0
L1 L1_50        C 7.530e-08 sat 0 eps 1.0000  desc/C 0.0364 0.00139 0  bad m=1 0.00e+00 m=2 nan (via N 0.00e+00)  B90 0 B99 0 of 0
L4 L4_145721    C 7.408e-08 sat 0 eps 0.0214  desc/C 8.13 0.493 0  bad m=1 9.36e-01 m=2 nan (via N 9.13e-04)  B90 1 B99 3 of 10
L2 L2_156       C 7.383e-08 sat 0 eps 0.0808  desc/C 0.0255 0.00195 0  bad m=1 0.00e+00 m=2 nan (via N 0.00e+00)  B90 0 B99 0 of 0
L3 L3_27170     C 7.301e-08 sat 0 eps 0.0224  desc/C 0.13 0.0353 0.00706  bad m=1 0.00e+00 m=2 3.63e-03 (via N 0.00e+00)  B90 1 B99 1 of 1
L2 L2_277       C 7.219e-08 sat 0 eps 0.2179  desc/C 0.143 0.00251 0.0134  bad m=1 0.00e+00 m=2 0.00e+00 (via N 0.00e+00)  B90 0 B99 0 of 0
L4 L4_77226     C 7.132e-08 sat 0 eps 0.0198  desc/C 0.117 0.0238 0  bad m=1 0.00e+00 m=2 nan (via N 0.00e+00)  B90 0 B99 0 of 0
L2 L2_7985      C 6.647e-08 sat 0 eps 0.0215  desc/C 0.292 0.00149 0.000166  bad m=1 0.00e+00 m=2 0.00e+00 (via N 0.00e+00)  B90 0 B99 0 of 0
L3 L3_27196     C 6.521e-08 sat 0 eps 0.0716  desc/C 0.131 0.158 0.0256  bad m=1 0.00e+00 m=2 0.00e+00 (via N 0.00e+00)  B90 0 B99 0 of 0
L3 L3_141036    C 6.480e-08 sat 0 eps 0.0211  desc/C 0.0036 0.000413 0  bad m=1 0.00e+00 m=2 nan (via N 0.00e+00)  B90 0 B99 0 of 0
L2 L2_623       C 6.368e-08 sat 0 eps 0.2927  desc/C 0.119 0.0592 0.00873  bad m=1 0.00e+00 m=2 0.00e+00 (via N 0.00e+00)  B90 0 B99 0 of 0
L3 L3_221388    C 6.231e-08 sat 0 eps 0.0212  desc/C 0.143 0.0298 0.00829  bad m=1 0.00e+00 m=2 0.00e+00 (via N 0.00e+00)  B90 0 B99 0 of 0
L3 L3_14958     C 5.790e-08 sat 0 eps 0.1360  desc/C 0.251 0.398 0.0736  bad m=1 0.00e+00 m=2 0.00e+00 (via N 0.00e+00)  B90 0 B99 0 of 0
L2 L2_157       C 5.709e-08 sat 0 eps 0.0804  desc/C 0.0348 0.00279 0.000368  bad m=1 0.00e+00 m=2 0.00e+00 (via N 0.00e+00)  B90 0 B99 0 of 0
L2 L2_445       C 5.694e-08 sat 0 eps 0.2274  desc/C 0.193 0.113 0.0475  bad m=1 0.00e+00 m=2 0.00e+00 (via N 0.00e+00)  B90 0 B99 0 of 0
L4 L4_28136     C 5.528e-08 sat 0 eps 0.0156  desc/C 0.937 0.318 0  bad m=1 9.49e-01 m=2 nan (via N 4.92e-04)  B90 2 B99 2 of 4
L4 L4_118578    C 5.502e-08 sat 0 eps 0.0152  desc/C 11.9 2.31 0  bad m=1 0.00e+00 m=2 nan (via N 0.00e+00)  B90 0 B99 0 of 0
L1 L1_53        C 5.423e-08 sat 0 eps 1.0000  desc/C 0.0343 0.00337 0.000658  bad m=1 0.00e+00 m=2 0.00e+00 (via N 0.00e+00)  B90 0 B99 0 of 0
L1 L1_52        C 5.423e-08 sat 0 eps 1.0000  desc/C 0 0 0  bad m=1 nan m=2 nan (via N 0.00e+00)  B90 0 B99 0 of 0
L1 L1_55        C 5.386e-08 sat 0 eps 1.0000  desc/C 0 0 0  bad m=1 nan m=2 nan (via N 0.00e+00)  B90 0 B99 0 of 0
L1 L1_54        C 5.386e-08 sat 0 eps 1.0000  desc/C 0.0202 0.000524 0  bad m=1 0.00e+00 m=2 nan (via N 0.00e+00)  B90 0 B99 0 of 0
L2 L2_361       C 5.350e-08 sat 0 eps 0.1939  desc/C 0.0717 0.0617 0.0163  bad m=1 0.00e+00 m=2 0.00e+00 (via N 0.00e+00)  B90 0 B99 0 of 0
L4 L4_86007     C 5.309e-08 sat 0 eps 0.0199  desc/C 0.969 0.214 0  bad m=1 0.00e+00 m=2 nan (via N 0.00e+00)  B90 0 B99 0 of 0
L4 L4_68515     C 5.198e-08 sat 0 eps 0.0206  desc/C 0.584 0.336 0  bad m=1 0.00e+00 m=2 nan (via N 0.00e+00)  B90 0 B99 0 of 0
L3 L3_141072    C 5.195e-08 sat 0 eps 0.0179  desc/C 0.0191 0.0101 0.00321  bad m=1 0.00e+00 m=2 0.00e+00 (via N 0.00e+00)  B90 0 B99 0 of 0
L2 L2_76        C 4.955e-08 sat 0 eps 0.0202  desc/C 0.0513 0.00604 0.000946  bad m=1 0.00e+00 m=2 0.00e+00 (via N 0.00e+00)  B90 0 B99 0 of 0
L4 L4_118595    C 4.781e-08 sat 0 eps 0.0159  desc/C 47.8 3.61 0  bad m=1 2.44e-01 m=2 nan (via N 3.16e-05)  B90 2 B99 2 of 7
L1 L1_56        C 4.729e-08 sat 0 eps 1.0000  desc/C 0 0 0  bad m=1 nan m=2 nan (via N 0.00e+00)  B90 0 B99 0 of 0
L1 L1_57        C 4.729e-08 sat 0 eps 1.0000  desc/C 0.0817 0.0473 0.00589  bad m=1 0.00e+00 m=2 0.00e+00 (via N 0.00e+00)  B90 0 B99 0 of 0
L3 L3_141086    C 4.718e-08 sat 0 eps 0.0201  desc/C 0.0733 0.0255 0.00999  bad m=1 0.00e+00 m=2 0.00e+00 (via N 0.00e+00)  B90 0 B99 0 of 0
L1 L1_58        C 4.651e-08 sat 0 eps 1.0000  desc/C 0.0103 0.000402 0  bad m=1 0.00e+00 m=2 nan (via N 0.00e+00)  B90 0 B99 0 of 0
L1 L1_59        C 4.651e-08 sat 0 eps 1.0000  desc/C 0 0 0  bad m=1 nan m=2 nan (via N 0.00e+00)  B90 0 B99 0 of 0
L4 L4_137317    C 4.468e-08 sat 0 eps 0.0184  desc/C 1.08 0.358 0  bad m=1 5.25e-01 m=2 nan (via N 0.00e+00)  B90 1 B99 1 of 3
L1 L1_60        C 4.198e-08 sat 0 eps 1.0000  desc/C 0 0 0  bad m=1 nan m=2 nan (via N 0.00e+00)  B90 0 B99 0 of 0
L1 L1_61        C 4.198e-08 sat 0 eps 1.0000  desc/C 0.27 0.328 0.0742  bad m=1 0.00e+00 m=2 0.00e+00 (via N 0.00e+00)  B90 0 B99 0 of 0
L2 L2_65        C 4.194e-08 sat 0 eps 0.0192  desc/C 0.144 0.014 0.00231  bad m=1 0.00e+00 m=2 0.00e+00 (via N 0.00e+00)  B90 0 B99 0 of 0
L4 L4_86108     C 4.147e-08 sat 0 eps 0.0199  desc/C 0.116 0.0205 0  bad m=1 0.00e+00 m=2 nan (via N 0.00e+00)  B90 0 B99 0 of 0
L2 L2_19713     C 4.128e-08 sat 0 eps 0.0192  desc/C 0.00366 0 0  bad m=1 nan m=2 nan (via N 0.00e+00)  B90 0 B99 0 of 0
L1 L1_62        C 4.058e-08 sat 0 eps 1.0000  desc/C 0.0217 0.00101 0  bad m=1 0.00e+00 m=2 nan (via N 0.00e+00)  B90 0 B99 0 of 0
L1 L1_63        C 4.058e-08 sat 0 eps 1.0000  desc/C 0 0 0  bad m=1 nan m=2 nan (via N 0.00e+00)  B90 0 B99 0 of 0
L4 L4_172600    C 4.001e-08 sat 0 eps 0.0187  desc/C 0.163 0.0354 0  bad m=1 0.00e+00 m=2 nan (via N 0.00e+00)  B90 0 B99 0 of 0
L1 L1_65        C 3.996e-08 sat 0 eps 1.0000  desc/C 0 0 0  bad m=1 nan m=2 nan (via N 0.00e+00)  B90 0 B99 0 of 0
L1 L1_64        C 3.996e-08 sat 0 eps 1.0000  desc/C 0.0511 0.00358 0.000431  bad m=1 0.00e+00 m=2 0.00e+00 (via N 0.00e+00)  B90 0 B99 0 of 0
L2 L2_14604     C 3.811e-08 sat 0 eps 0.1589  desc/C 0.35 0.259 0.0201  bad m=1 0.00e+00 m=2 7.14e-02 (via N 0.00e+00)  B90 1 B99 1 of 1
L2 L2_612       C 3.789e-08 sat 0 eps 0.2557  desc/C 0.719 0.0363 0.0228  bad m=1 0.00e+00 m=2 0.00e+00 (via N 0.00e+00)  B90 0 B99 0 of 0
L3 L3_202426    C 3.679e-08 sat 0 eps 0.0185  desc/C 0.00398 0.000477 0  bad m=1 0.00e+00 m=2 nan (via N 0.00e+00)  B90 0 B99 0 of 0
L2 L2_172       C 3.657e-08 sat 0 eps 0.1591  desc/C 0.541 0.0327 0.0114  bad m=1 0.00e+00 m=2 0.00e+00 (via N 0.00e+00)  B90 0 B99 0 of 0
L4 L4_118577    C 3.651e-08 sat 0 eps 0.0136  desc/C 0.0527 0.204 0  bad m=1 0.00e+00 m=2 nan (via N 0.00e+00)  B90 0 B99 0 of 0
L2 L2_7983      C 3.638e-08 sat 0 eps 0.0185  desc/C 0.98 0.00271 0.000166  bad m=1 0.00e+00 m=2 0.00e+00 (via N 0.00e+00)  B90 0 B99 0 of 0
L1 L1_66        C 3.589e-08 sat 0 eps 1.0000  desc/C 0 0 0  bad m=1 nan m=2 nan (via N 0.00e+00)  B90 0 B99 0 of 0
L1 L1_67        C 3.589e-08 sat 0 eps 1.0000  desc/C 0.924 0.758 0.584  bad m=1 0.00e+00 m=2 0.00e+00 (via N 0.00e+00)  B90 0 B99 0 of 0
L2 L2_83        C 3.567e-08 sat 0 eps 0.0184  desc/C 0.113 0.000135 0  bad m=1 0.00e+00 m=2 nan (via N 0.00e+00)  B90 0 B99 0 of 0
L3 L3_149629    C 3.540e-08 sat 0 eps 0.0181  desc/C 0.0021 0.000171 0  bad m=1 0.00e+00 m=2 nan (via N 0.00e+00)  B90 0 B99 0 of 0
L4 L4_28080     C 3.477e-08 sat 0 eps 0.0175  desc/C 0.123 0.0222 0  bad m=1 0.00e+00 m=2 nan (via N 0.00e+00)  B90 0 B99 0 of 0
L1 L1_71        C 3.418e-08 sat 0 eps 1.0000  desc/C 0 0 0  bad m=1 nan m=2 nan (via N 0.00e+00)  B90 0 B99 0 of 0
L1 L1_70        C 3.418e-08 sat 0 eps 1.0000  desc/C 0.0202 0.00107 0  bad m=1 0.00e+00 m=2 nan (via N 0.00e+00)  B90 0 B99 0 of 0
L4 L4_137334    C 3.398e-08 sat 0 eps 0.0166  desc/C 0.0324 0.00754 0  bad m=1 0.00e+00 m=2 nan (via N 0.00e+00)  B90 0 B99 0 of 0
L1 L1_72        C 3.396e-08 sat 0 eps 1.0000  desc/C 0 0 0  bad m=1 nan m=2 nan (via N 0.00e+00)  B90 0 B99 0 of 0
L1 L1_73        C 3.396e-08 sat 0 eps 1.0000  desc/C 0.831 0.292 0.00147  bad m=1 0.00e+00 m=2 0.00e+00 (via N 0.00e+00)  B90 0 B99 0 of 0
L1 L1_68        C 3.389e-08 sat 0 eps 1.0000  desc/C 0 0 0  bad m=1 nan m=2 nan (via N 0.00e+00)  B90 0 B99 0 of 0
L1 L1_69        C 3.389e-08 sat 0 eps 1.0000  desc/C 0.0792 0.0121 5.36e-05  bad m=1 0.00e+00 m=2 0.00e+00 (via N 0.00e+00)  B90 0 B99 0 of 0
L2 L2_441       C 3.364e-08 sat 0 eps 0.2202  desc/C 0.202 0.0674 0.0233  bad m=1 0.00e+00 m=2 0.00e+00 (via N 0.00e+00)  B90 0 B99 0 of 0
L2 L2_790       C 3.353e-08 sat 0 eps 0.2901  desc/C 1.55 1.73 1.45  bad m=1 2.25e-01 m=2 6.31e-01 (via N 0.00e+00)  B90 1 B99 1 of 3
L1 L1_75        C 3.331e-08 sat 0 eps 1.0000  desc/C 0 0 0  bad m=1 nan m=2 nan (via N 0.00e+00)  B90 0 B99 0 of 0
L1 L1_74        C 3.331e-08 sat 0 eps 1.0000  desc/C 0.0107 0.000258 0  bad m=1 0.00e+00 m=2 nan (via N 0.00e+00)  B90 0 B99 0 of 0
L4 L4_145745    C 3.329e-08 sat 0 eps 0.0183  desc/C 2.65 0.473 0  bad m=1 6.38e-01 m=2 nan (via N 0.00e+00)  B90 1 B99 2 of 3
L2 L2_30        C 3.294e-08 sat 0 eps 0.0179  desc/C 0.825 0.636 0.22  bad m=1 0.00e+00 m=2 0.00e+00 (via N 0.00e+00)  B90 0 B99 0 of 0
L4 L4_68520     C 3.245e-08 sat 0 eps 0.0143  desc/C 0.0219 0.0876 0  bad m=1 0.00e+00 m=2 nan (via N 0.00e+00)  B90 0 B99 0 of 0
L3 L3_380658    C 3.180e-08 sat 0 eps 0.0159  desc/C 2.37 0.315 0.0646  bad m=1 0.00e+00 m=2 3.48e-03 (via N 0.00e+00)  B90 2 B99 2 of 2
L2 L2_533       C 3.123e-08 sat 0 eps 0.2276  desc/C 0.134 0.0439 0.00852  bad m=1 3.48e-02 m=2 0.00e+00 (via N 0.00e+00)  B90 2 B99 3 of 3
L3 L3_380681    C 3.112e-08 sat 0 eps 0.0177  desc/C 1.77 1.49 0.46  bad m=1 8.74e-01 m=2 6.32e-01 (via N 6.78e-05)  B90 1 B99 1 of 4
L4 L4_28217     C 3.014e-08 sat 0 eps 0.0746  desc/C 0.892 0.0175 0  bad m=1 0.00e+00 m=2 nan (via N 0.00e+00)  B90 0 B99 0 of 0
L3 L3_141069    C 2.890e-08 sat 0 eps 0.0170  desc/C 0.063 0.00913 0.00147  bad m=1 0.00e+00 m=2 0.00e+00 (via N 0.00e+00)  B90 0 B99 0 of 0
L4 L4_172611    C 2.855e-08 sat 0 eps 0.0170  desc/C 0.00315 0.000309 0  bad m=1 0.00e+00 m=2 nan (via N 0.00e+00)  B90 0 B99 0 of 0
L2 L2_7992      C 2.815e-08 sat 0 eps 0.0174  desc/C 0.351 0.00177 0.000211  bad m=1 0.00e+00 m=2 0.00e+00 (via N 0.00e+00)  B90 0 B99 0 of 0
L2 L2_614       C 2.771e-08 sat 0 eps 0.2767  desc/C 0.0578 0.00515 0.000747  bad m=1 0.00e+00 m=2 0.00e+00 (via N 0.00e+00)  B90 0 B99 0 of 0
L1 L1_76        C 2.760e-08 sat 0 eps 1.0000  desc/C 0.0131 0.00121 5.7e-05  bad m=1 0.00e+00 m=2 0.00e+00 (via N 0.00e+00)  B90 0 B99 0 of 0
L1 L1_77        C 2.760e-08 sat 0 eps 1.0000  desc/C 0 0 0  bad m=1 nan m=2 nan (via N 0.00e+00)  B90 0 B99 0 of 0
L3 L3_27357     C 2.711e-08 sat 0 eps 0.1276  desc/C 0.248 1.51 0.479  bad m=1 0.00e+00 m=2 0.00e+00 (via N 0.00e+00)  B90 0 B99 0 of 0
L3 L3_370516    C 2.706e-08 sat 0 eps 0.0150  desc/C 0.0345 0.0297 0.00377  bad m=1 0.00e+00 m=2 0.00e+00 (via N 0.00e+00)  B90 0 B99 0 of 0
L3 L3_68118     C 2.698e-08 sat 0 eps 0.0169  desc/C 0.775 0.268 0.208  bad m=1 0.00e+00 m=2 0.00e+00 (via N 0.00e+00)  B90 0 B99 0 of 0
L2 L2_440       C 2.685e-08 sat 0 eps 0.1929  desc/C 0.325 0.11 0.0541  bad m=1 0.00e+00 m=2 0.00e+00 (via N 0.00e+00)  B90 0 B99 0 of 0
L4 L4_28220     C 2.650e-08 sat 0 eps 0.0600  desc/C 0.2 0.0491 0  bad m=1 0.00e+00 m=2 nan (via N 0.00e+00)  B90 0 B99 0 of 0
L3 L3_141057    C 2.617e-08 sat 0 eps 0.0163  desc/C 0.0753 0.00924 0.0014  bad m=1 0.00e+00 m=2 0.00e+00 (via N 0.00e+00)  B90 0 B99 0 of 0
L4 L4_86117     C 2.610e-08 sat 0 eps 0.0166  desc/C 0.00239 0.000282 0  bad m=1 0.00e+00 m=2 nan (via N 0.00e+00)  B90 0 B99 0 of 0
L3 L3_370529    C 2.609e-08 sat 0 eps 0.0145  desc/C 5.01 0.516 0.361  bad m=1 6.24e-02 m=2 1.57e-02 (via N 5.15e-05)  B90 3 B99 4 of 6
L4 L4_28221     C 2.575e-08 sat 0 eps 0.0454  desc/C 5 5.31 0  bad m=1 3.50e-01 m=2 nan (via N 0.00e+00)  B90 1 B99 1 of 1
L2 L2_124       C 2.482e-08 sat 0 eps 0.0610  desc/C 0.0969 0.00865 0.00104  bad m=1 0.00e+00 m=2 0.00e+00 (via N 0.00e+00)  B90 0 B99 0 of 0
L3 L3_149672    C 2.462e-08 sat 0 eps 0.0169  desc/C 2.12 1.23 0.711  bad m=1 0.00e+00 m=2 0.00e+00 (via N 0.00e+00)  B90 0 B99 0 of 0
L4 L4_154862    C 2.451e-08 sat 0 eps 0.0165  desc/C 0.00286 0.000354 0  bad m=1 0.00e+00 m=2 nan (via N 0.00e+00)  B90 0 B99 0 of 0
L4 L4_28236     C 2.424e-08 sat 0 eps 0.0486  desc/C 0.0642 0.872 0  bad m=1 5.31e-04 m=2 nan (via N 0.00e+00)  B90 2 B99 2 of 2
L4 L4_86252     C 2.394e-08 sat 0 eps 0.0596  desc/C 51.3 1.77 0  bad m=1 8.94e-01 m=2 nan (via N 9.83e-05)  B90 1 B99 2 of 8
L3 L3_221500    C 2.353e-08 sat 0 eps 0.0629  desc/C 0.0261 0.00585 0  bad m=1 0.00e+00 m=2 nan (via N 0.00e+00)  B90 0 B99 0 of 0
L4 L4_28225     C 2.348e-08 sat 0 eps 0.0437  desc/C 0.14 0.591 0  bad m=1 8.48e-03 m=2 nan (via N 0.00e+00)  B90 2 B99 6 of 6
L3 L3_27266     C 2.339e-08 sat 0 eps 0.0650  desc/C 0.0197 0.0023 0  bad m=1 0.00e+00 m=2 nan (via N 0.00e+00)  B90 0 B99 0 of 0
L2 L2_529       C 2.291e-08 sat 0 eps 0.2317  desc/C 0.0506 0.0166 0.00302  bad m=1 0.00e+00 m=2 0.00e+00 (via N 0.00e+00)  B90 0 B99 0 of 0
L1 L1_78        C 2.291e-08 sat 0 eps 1.0000  desc/C 0 0 0  bad m=1 nan m=2 nan (via N 0.00e+00)  B90 0 B99 0 of 0
L1 L1_79        C 2.291e-08 sat 0 eps 1.0000  desc/C 0.154 0.0165 0  bad m=1 0.00e+00 m=2 nan (via N 0.00e+00)  B90 0 B99 0 of 0
L4 L4_28104     C 2.214e-08 sat 0 eps 0.0121  desc/C 0.237 0.33 0  bad m=1 3.76e-01 m=2 nan (via N 0.00e+00)  B90 1 B99 2 of 3
L3 L3_149638    C 2.206e-08 sat 0 eps 0.0164  desc/C 0.249 0.0273 0.0104  bad m=1 0.00e+00 m=2 0.00e+00 (via N 0.00e+00)  B90 0 B99 0 of 0
L2 L2_62        C 2.194e-08 sat 0 eps 0.0163  desc/C 0.0761 0.0101 0.00205  bad m=1 0.00e+00 m=2 0.00e+00 (via N 0.00e+00)  B90 0 B99 0 of 0
L2 L2_43        C 2.123e-08 sat 0 eps 0.0163  desc/C 0.0259 0.00269 0  bad m=1 0.00e+00 m=2 nan (via N 0.00e+00)  B90 0 B99 0 of 0
L4 L4_85999     C 2.084e-08 sat 0 eps 0.0158  desc/C 0.346 0.269 0  bad m=1 0.00e+00 m=2 nan (via N 0.00e+00)  B90 0 B99 0 of 0
L4 L4_86224     C 2.045e-08 sat 0 eps 0.0589  desc/C 0.29 0.0562 0  bad m=1 0.00e+00 m=2 nan (via N 0.00e+00)  B90 0 B99 0 of 0
L4 L4_218457    C 1.985e-08 sat 0 eps 0.0148  desc/C 0.144 0.0265 0  bad m=1 0.00e+00 m=2 nan (via N 0.00e+00)  B90 0 B99 0 of 0
L1 L1_80        C 1.976e-08 sat 0 eps 1.0000  desc/C 0 0 0  bad m=1 nan m=2 nan (via N 0.00e+00)  B90 0 B99 0 of 0
L1 L1_81        C 1.976e-08 sat 0 eps 1.0000  desc/C 0.362 0.0893 0  bad m=1 0.00e+00 m=2 nan (via N 0.00e+00)  B90 0 B99 0 of 0
L3 L3_27341     C 1.937e-08 sat 0 eps 0.1094  desc/C 1.15 0.282 0.382  bad m=1 6.84e-01 m=2 3.71e-01 (via N 0.00e+00)  B90 1 B99 1 of 1
L3 L3_58891     C 1.927e-08 sat 0 eps 0.0158  desc/C 0.00435 0.000573 0  bad m=1 0.00e+00 m=2 nan (via N 0.00e+00)  B90 0 B99 0 of 0
L3 L3_141092    C 1.922e-08 sat 0 eps 0.0155  desc/C 0.0454 0.018 0.00477  bad m=1 0.00e+00 m=2 0.00e+00 (via N 0.00e+00)  B90 0 B99 0 of 0
L1 L1_82        C 1.874e-08 sat 0 eps 1.0000  desc/C 0.0186 0.000704 0  bad m=1 0.00e+00 m=2 nan (via N 0.00e+00)  B90 0 B99 0 of 0
L1 L1_83        C 1.874e-08 sat 0 eps 1.0000  desc/C 0 0 0  bad m=1 nan m=2 nan (via N 0.00e+00)  B90 0 B99 0 of 0
L2 L2_695       C 1.865e-08 sat 0 eps 0.2357  desc/C 0.235 0.207 0.0888  bad m=1 0.00e+00 m=2 0.00e+00 (via N 0.00e+00)  B90 0 B99 0 of 0
L3 L3_221365    C 1.784e-08 sat 0 eps 0.0138  desc/C 5.24 1.6 0.663  bad m=1 0.00e+00 m=2 0.00e+00 (via N 0.00e+00)  B90 0 B99 0 of 0
L4 L4_287063    C 1.766e-08 sat 0 eps 0.0153  desc/C 0.00329 0.000414 0  bad m=1 0.00e+00 m=2 nan (via N 0.00e+00)  B90 0 B99 0 of 0
L3 L3_27394     C 1.735e-08 sat 0 eps 0.1053  desc/C 0.141 0.487 0.244  bad m=1 0.00e+00 m=2 0.00e+00 (via N 0.00e+00)  B90 0 B99 0 of 0
L4 L4_211639    C 1.724e-08 sat 0 eps 0.0151  desc/C 1.08 2.54 0  bad m=1 9.90e-01 m=2 nan (via N 0.00e+00)  B90 1 B99 1 of 3
L3 L3_27267     C 1.666e-08 sat 0 eps 0.1377  desc/C 0.105 0.0166 0.00204  bad m=1 0.00e+00 m=2 0.00e+00 (via N 0.00e+00)  B90 0 B99 0 of 0
L3 L3_27343     C 1.649e-08 sat 0 eps 0.1471  desc/C 0.472 0.125 0.0312  bad m=1 0.00e+00 m=2 0.00e+00 (via N 0.00e+00)  B90 0 B99 0 of 0
L3 L3_370528    C 1.646e-08 sat 0 eps 0.0134  desc/C 0.235 0.147 0.0399  bad m=1 0.00e+00 m=2 0.00e+00 (via N 0.00e+00)  B90 0 B99 0 of 0
L4 L4_123301    C 1.624e-08 sat 0 eps 0.0153  desc/C 0.653 0.418 0  bad m=1 0.00e+00 m=2 nan (via N 0.00e+00)  B90 0 B99 0 of 0
L4 L4_197220    C 1.607e-08 sat 0 eps 0.0130  desc/C 1.11 0.137 0  bad m=1 0.00e+00 m=2 nan (via N 0.00e+00)  B90 0 B99 0 of 0
L4 L4_154843    C 1.586e-08 sat 0 eps 0.0145  desc/C 0.102 0.0145 0  bad m=1 0.00e+00 m=2 nan (via N 0.00e+00)  B90 0 B99 0 of 0
L3 L3_27132     C 1.560e-08 sat 0 eps 0.0146  desc/C 0.0507 0.00834 0.00146  bad m=1 0.00e+00 m=2 0.00e+00 (via N 0.00e+00)  B90 0 B99 0 of 0
L4 L4_154945    C 1.541e-08 sat 0 eps 0.0594  desc/C 0.61 0.0296 0  bad m=1 0.00e+00 m=2 nan (via N 0.00e+00)  B90 0 B99 0 of 0
L2 L2_72        C 1.519e-08 sat 0 eps 0.0150  desc/C 0.0379 0 0  bad m=1 nan m=2 nan (via N 0.00e+00)  B90 0 B99 0 of 0
L4 L4_438133    C 1.514e-08 sat 0 eps 0.0151  desc/C 0.192 0.0491 0  bad m=1 0.00e+00 m=2 nan (via N 0.00e+00)  B90 0 B99 0 of 0
L3 L3_141053    C 1.494e-08 sat 0 eps 0.0156  desc/C 0.102 0.031 0.0055  bad m=1 0.00e+00 m=2 0.00e+00 (via N 0.00e+00)  B90 0 B99 0 of 0
L1 L1_84        C 1.459e-08 sat 0 eps 1.0000  desc/C 0 0 0  bad m=1 nan m=2 nan (via N 0.00e+00)  B90 0 B99 0 of 0
L1 L1_85        C 1.459e-08 sat 0 eps 1.0000  desc/C 0.233 0.0131 0  bad m=1 0.00e+00 m=2 nan (via N 0.00e+00)  B90 0 B99 0 of 0
L4 L4_118594    C 1.452e-08 sat 0 eps 0.0138  desc/C 20.2 1.23 0  bad m=1 2.95e-02 m=2 nan (via N 6.39e-05)  B90 2 B99 2 of 3
L3 L3_27117     C 1.434e-08 sat 0 eps 0.0144  desc/C 0.0489 0.00755 0.00139  bad m=1 0.00e+00 m=2 0.00e+00 (via N 0.00e+00)  B90 0 B99 0 of 0
L1 L1_87        C 1.415e-08 sat 0 eps 1.0000  desc/C 0 0 0  bad m=1 nan m=2 nan (via N 0.00e+00)  B90 0 B99 0 of 0
L1 L1_86        C 1.415e-08 sat 0 eps 1.0000  desc/C 0.0505 0.00188 0  bad m=1 0.00e+00 m=2 nan (via N 0.00e+00)  B90 0 B99 0 of 0
L4 L4_551598    C 1.405e-08 sat 0 eps 0.0508  desc/C 0.0398 0.00195 0  bad m=1 0.00e+00 m=2 nan (via N 0.00e+00)  B90 0 B99 0 of 0
L3 L3_141058    C 1.368e-08 sat 0 eps 0.0144  desc/C 0.227 0.0632 0.021  bad m=1 0.00e+00 m=2 0.00e+00 (via N 0.00e+00)  B90 0 B99 0 of 0
L1 L1_89        C 1.359e-08 sat 0 eps 1.0000  desc/C 0.915 0.373 0.00194  bad m=1 0.00e+00 m=2 0.00e+00 (via N 0.00e+00)  B90 0 B99 0 of 0
L1 L1_88        C 1.359e-08 sat 0 eps 1.0000  desc/C 0 0 0  bad m=1 nan m=2 nan (via N 0.00e+00)  B90 0 B99 0 of 0
L1 L1_91        C 1.334e-08 sat 0 eps 1.0000  desc/C 0 0 0  bad m=1 nan m=2 nan (via N 0.00e+00)  B90 0 B99 0 of 0
L1 L1_90        C 1.334e-08 sat 0 eps 1.0000  desc/C 0.0221 0.00247 0  bad m=1 0.00e+00 m=2 nan (via N 0.00e+00)  B90 0 B99 0 of 0
L4 L4_86067     C 1.329e-08 sat 0 eps 0.0139  desc/C 0.0737 0.0118 0  bad m=1 0.00e+00 m=2 nan (via N 0.00e+00)  B90 0 B99 0 of 0
L3 L3_380652    C 1.322e-08 sat 0 eps 0.0136  desc/C 4.36 3.67 1.21  bad m=1 6.31e-01 m=2 5.25e-01 (via N 0.00e+00)  B90 1 B99 1 of 4
L4 L4_137359    C 1.320e-08 sat 0 eps 0.0143  desc/C 3.17 1.82 0  bad m=1 9.12e-01 m=2 nan (via N 0.00e+00)  B90 1 B99 1 of 1
L3 L3_27318     C 1.314e-08 sat 0 eps 0.0931  desc/C 0.154 0.32 0.0605  bad m=1 0.00e+00 m=2 0.00e+00 (via N 0.00e+00)  B90 0 B99 0 of 0
L3 L3_27245     C 1.293e-08 sat 0 eps 0.0429  desc/C 0.139 0.45 0.0914  bad m=1 3.00e-02 m=2 4.68e-02 (via N 0.00e+00)  B90 2 B99 2 of 2
L2 L2_16        C 1.240e-08 sat 0 eps 0.0142  desc/C 0.408 0.00212 0.000275  bad m=1 0.00e+00 m=2 0.00e+00 (via N 0.00e+00)  B90 0 B99 0 of 0
L1 L1_92        C 1.234e-08 sat 0 eps 1.0000  desc/C 0 0 0  bad m=1 nan m=2 nan (via N 0.00e+00)  B90 0 B99 0 of 0
L1 L1_93        C 1.234e-08 sat 0 eps 1.0000  desc/C 0.982 0.869 0.728  bad m=1 0.00e+00 m=2 0.00e+00 (via N 0.00e+00)  B90 0 B99 0 of 0
L1 L1_94        C 1.228e-08 sat 0 eps 1.0000  desc/C 0 0 0  bad m=1 nan m=2 nan (via N 0.00e+00)  B90 0 B99 0 of 0
L1 L1_95        C 1.228e-08 sat 0 eps 1.0000  desc/C 0.206 0.0386 0.00849  bad m=1 0.00e+00 m=2 0.00e+00 (via N 0.00e+00)  B90 0 B99 0 of 0
L3 L3_141085    C 1.213e-08 sat 0 eps 0.0134  desc/C 0.389 0.109 0.0305  bad m=1 0.00e+00 m=2 0.00e+00 (via N 0.00e+00)  B90 0 B99 0 of 0
L2 L2_21        C 1.205e-08 sat 0 eps 0.0140  desc/C 0.889 0.746 0.292  bad m=1 0.00e+00 m=2 0.00e+00 (via N 0.00e+00)  B90 0 B99 0 of 0
L3 L3_149599    C 1.196e-08 sat 0 eps 0.0132  desc/C 0.207 0.25 0.285  bad m=1 0.00e+00 m=2 0.00e+00 (via N 0.00e+00)  B90 0 B99 0 of 0
L4 L4_77244     C 1.187e-08 sat 0 eps 0.0126  desc/C 1.91 0.255 0  bad m=1 0.00e+00 m=2 nan (via N 0.00e+00)  B90 0 B99 0 of 0
L2 L2_530       C 1.175e-08 sat 0 eps 0.1870  desc/C 0.286 0.0301 0.0094  bad m=1 0.00e+00 m=2 0.00e+00 (via N 0.00e+00)  B90 0 B99 0 of 0
L2 L2_19703     C 1.171e-08 sat 0 eps 0.0139  desc/C 0.0361 0 0  bad m=1 nan m=2 nan (via N 0.00e+00)  B90 0 B99 0 of 0
L4 L4_68469     C 1.167e-08 sat 0 eps 0.0106  desc/C 1.97 0.35 0  bad m=1 0.00e+00 m=2 nan (via N 0.00e+00)  B90 0 B99 0 of 0
L4 L4_118582    C 1.165e-08 sat 0 eps 0.0111  desc/C 0.03 0.0736 0  bad m=1 0.00e+00 m=2 nan (via N 0.00e+00)  B90 0 B99 0 of 0
L3 L3_370544    C 1.150e-08 sat 0 eps 0.0115  desc/C 0.573 0.457 0.223  bad m=1 2.11e-01 m=2 4.36e-01 (via N 0.00e+00)  B90 1 B99 2 of 2
L3 L3_149632    C 1.146e-08 sat 0 eps 0.0136  desc/C 0.0493 0.00842 0.00153  bad m=1 0.00e+00 m=2 0.00e+00 (via N 0.00e+00)  B90 0 B99 0 of 0
L2 L2_8143      C 1.133e-08 sat 0 eps 0.1172  desc/C 0.1 0.00925 0.00191  bad m=1 0.00e+00 m=2 0.00e+00 (via N 0.00e+00)  B90 0 B99 0 of 0
L4 L4_200748    C 1.131e-08 sat 0 eps 0.0137  desc/C 0.00357 0.000482 0  bad m=1 0.00e+00 m=2 nan (via N 0.00e+00)  B90 0 B99 0 of 0
by ε (islands with atoms one transit past the island): mass-weighted bad share m=1, m=2; mean B90, B99
  ε 0.30-2.00:  53 islands  bad m=1 7.15e-01  m=2 8.45e-01  B90 0.7 B99 1.2
  ε 0.10-0.30:  39 islands  bad m=1 1.56e-01  m=2 7.61e-01  B90 0.6 B99 0.8
  ε 0.03-0.10:  57 islands  bad m=1 6.68e-01  m=2 4.34e-01  B90 1.0 B99 1.3
  ε 0.01-0.03:  99 islands  bad m=1 4.46e-01  m=2 2.14e-01  B90 0.3 B99 0.4
atoms (m = 1, 2) by island ancestry and target type: mass, bad share
  island not inside a satellite target primitive mass 2.8134e-06  bad 7.401e-01
  island not inside a satellite target satellite mass 6.9517e-05  bad 6.080e-03
  island inside a satellite     target primitive mass 1.0062e-05  bad 5.590e-01
  island inside a satellite     target satellite mass 2.2596e-04  bad 8.802e-01
done, 89 s

=== Done; results in /data/results/bench-20261010-202851.txt [132 s]
