S1 (level 1, model C 1.7249741e-03): k 4..2048, 29 members, max conv 2.4e-25
   K0  4 m  8  C 1.724973157368545e-03 (vs model -5.3e-07)  resid 5.7e-07  b1/C +0.5296  b2/C -18.187  b3/C -69.12
   K0  4 m 12  C 1.724974065404050e-03 (vs model +1.1e-09)  resid 1.5e-09  b1/C +0.5292  b2/C -18.114  b3/C -73.89
   K0  4 m 16  C 1.724974063499156e-03 (vs model -4.9e-13)  resid 6.4e-14  b1/C +0.5292  b2/C -18.114  b3/C -73.84
   K0  4 m 20  C 1.724974063498965e-03 (vs model -6.0e-13)  resid 7.2e-19  b1/C +0.5292  b2/C -18.114  b3/C -73.84
   K0  6 m  8  C 1.724973633840278e-03 (vs model -2.5e-07)  resid 3.9e-07  b1/C +0.5294  b2/C -18.156  b3/C -70.90
   K0  6 m 12  C 1.724974063463139e-03 (vs model -2.1e-11)  resid 1.2e-11  b1/C +0.5292  b2/C -18.114  b3/C -73.83
   K0  6 m 16  C 1.724974063498963e-03 (vs model -6.0e-13)  resid 4.1e-16  b1/C +0.5292  b2/C -18.114  b3/C -73.84
   K0  6 m 20  C 1.724974063498965e-03 (vs model -6.0e-13)  resid 1.6e-21  b1/C +0.5292  b2/C -18.114  b3/C -73.84
   K0  9 m  8  C 1.724974052117098e-03 (vs model -6.6e-09)  resid 7.0e-09  b1/C +0.5292  b2/C -18.117  b3/C -73.61
   K0  9 m 12  C 1.724974063498753e-03 (vs model -7.2e-13)  resid 5.8e-14  b1/C +0.5292  b2/C -18.114  b3/C -73.84
   K0  9 m 16  C 1.724974063498965e-03 (vs model -6.0e-13)  resid 5.2e-20  b1/C +0.5292  b2/C -18.114  b3/C -73.84
   K0 13 m  8  C 1.724974063166296e-03 (vs model -1.9e-10)  resid 1.8e-10  b1/C +0.5292  b2/C -18.114  b3/C -73.82
   K0 13 m 12  C 1.724974063498963e-03 (vs model -6.0e-13)  resid 3.7e-16  b1/C +0.5292  b2/C -18.114  b3/C -73.84
   K0 13 m 16  C 1.724974063498965e-03 (vs model -6.0e-13)  resid 6.4e-22  b1/C +0.5292  b2/C -18.114  b3/C -73.84
   K0 19 m  8  C 1.724974063496824e-03 (vs model -1.8e-12)  resid 1.7e-12  b1/C +0.5292  b2/C -18.114  b3/C -73.84
   K0 19 m 12  C 1.724974063498965e-03 (vs model -6.0e-13)  resid 3.4e-18  b1/C +0.5292  b2/C -18.114  b3/C -73.84
   best (K0 13 m 16) |b_j/C|^(1/j): 0.53 4.26 4.20 4.47 4.74 4.51 4.86 4.61 4.83 4.73 4.70 4.89 4.68 4.54 4.21 4.21
F2 (level 1, model C 5.9024966e-05): k 4..2048, 29 members, max conv 2.9e-24
   K0  4 m  8  C 5.902471239828663e-05 (vs model -4.3e-06)  resid 2.1e-05  b1/C +1.1983  b2/C -12.982  b3/C -116.72
   K0  4 m 12  C 5.902496657047996e-05 (vs model +4.7e-09)  resid 3.1e-09  b1/C +1.1955  b2/C -12.655  b3/C -129.63
   K0  4 m 16  C 5.902496629244640e-05 (vs model -4.3e-11)  resid 5.5e-13  b1/C +1.1955  b2/C -12.657  b3/C -129.38
   K0  4 m 20  C 5.902496629238757e-05 (vs model -4.4e-11)  resid 9.9e-19  b1/C +1.1955  b2/C -12.657  b3/C -129.38
   K0  6 m  8  C 5.902500913736078e-05 (vs model +7.3e-07)  resid 1.1e-06  b1/C +1.1948  b2/C -12.538  b3/C -137.75
   K0  6 m 12  C 5.902496630381009e-05 (vs model +1.5e-10)  resid 1.6e-10  b1/C +1.1955  b2/C -12.657  b3/C -129.40
   K0  6 m 16  C 5.902496629238723e-05 (vs model -4.4e-11)  resid 1.8e-15  b1/C +1.1955  b2/C -12.657  b3/C -129.38
   K0  6 m 20  C 5.902496629238757e-05 (vs model -4.4e-11)  resid 1.9e-21  b1/C +1.1955  b2/C -12.657  b3/C -129.38
   K0  9 m  8  C 5.902496709544714e-05 (vs model +1.4e-08)  resid 1.5e-08  b1/C +1.1955  b2/C -12.653  b3/C -129.83
   K0  9 m 12  C 5.902496629238324e-05 (vs model -4.4e-11)  resid 2.9e-14  b1/C +1.1955  b2/C -12.657  b3/C -129.38
   K0  9 m 16  C 5.902496629238757e-05 (vs model -4.4e-11)  resid 9.8e-20  b1/C +1.1955  b2/C -12.657  b3/C -129.38
   K0 13 m  8  C 5.902496630252231e-05 (vs model +1.3e-10)  resid 2.0e-10  b1/C +1.1955  b2/C -12.657  b3/C -129.39
   K0 13 m 12  C 5.902496629238745e-05 (vs model -4.4e-11)  resid 5.3e-16  b1/C +1.1955  b2/C -12.657  b3/C -129.38
   K0 13 m 16  C 5.902496629238757e-05 (vs model -4.4e-11)  resid 1.0e-21  b1/C +1.1955  b2/C -12.657  b3/C -129.38
   K0 19 m  8  C 5.902496629177812e-05 (vs model -5.5e-11)  resid 3.6e-12  b1/C +1.1955  b2/C -12.657  b3/C -129.38
   K0 19 m 12  C 5.902496629238756e-05 (vs model -4.4e-11)  resid 8.3e-18  b1/C +1.1955  b2/C -12.657  b3/C -129.38
   best (K0 13 m 16) |b_j/C|^(1/j): 1.20 3.56 5.06 2.84 4.56 4.65 3.92 4.46 4.91 4.20 5.01 4.82 5.23 5.14 4.91 4.42
F0x19 (level 2, model C 1.8577750e-04): k 4..2048, 29 members, max conv 3.4e-24
   K0  4 m  8  C 1.857787861456420e-04 (vs model +6.9e-06)  resid 2.1e-05  b1/C +1.5142  b2/C -34.740  b3/C -134.99
   K0  4 m 12  C 1.857774562356154e-04 (vs model -2.4e-07)  resid 2.1e-09  b1/C +1.5194  b2/C -35.419  b3/C -101.87
   K0  4 m 16  C 1.857774553622077e-04 (vs model -2.4e-07)  resid 1.5e-12  b1/C +1.5194  b2/C -35.421  b3/C -101.57
   K0  4 m 20  C 1.857774553627275e-04 (vs model -2.4e-07)  resid 1.7e-17  b1/C +1.5194  b2/C -35.421  b3/C -101.57
   K0  6 m  8  C 1.857774984461788e-04 (vs model -8.4e-09)  resid 1.0e-06  b1/C +1.5193  b2/C -35.400  b3/C -102.01
   K0  6 m 12  C 1.857774554843469e-04 (vs model -2.4e-07)  resid 4.8e-10  b1/C +1.5194  b2/C -35.420  b3/C -101.65
   K0  6 m 16  C 1.857774553627324e-04 (vs model -2.4e-07)  resid 7.0e-15  b1/C +1.5194  b2/C -35.421  b3/C -101.57
   K0  6 m 20  C 1.857774553627275e-04 (vs model -2.4e-07)  resid 8.7e-21  b1/C +1.5194  b2/C -35.421  b3/C -101.57
   K0  9 m  8  C 1.857774483071553e-04 (vs model -2.8e-07)  resid 3.1e-08  b1/C +1.5195  b2/C -35.434  b3/C -100.08
   K0  9 m 12  C 1.857774553627070e-04 (vs model -2.4e-07)  resid 1.3e-13  b1/C +1.5194  b2/C -35.421  b3/C -101.57
   K0  9 m 16  C 1.857774553627275e-04 (vs model -2.4e-07)  resid 3.9e-18  b1/C +1.5194  b2/C -35.421  b3/C -101.57
   K0 13 m  8  C 1.857774547833711e-04 (vs model -2.4e-07)  resid 2.3e-09  b1/C +1.5194  b2/C -35.423  b3/C -101.30
   K0 13 m 12  C 1.857774553627169e-04 (vs model -2.4e-07)  resid 1.5e-14  b1/C +1.5194  b2/C -35.421  b3/C -101.57
   K0 13 m 16  C 1.857774553627275e-04 (vs model -2.4e-07)  resid 3.8e-21  b1/C +1.5194  b2/C -35.421  b3/C -101.57
   K0 19 m  8  C 1.857774553301076e-04 (vs model -2.4e-07)  resid 9.3e-11  b1/C +1.5194  b2/C -35.421  b3/C -101.54
   K0 19 m 12  C 1.857774553627272e-04 (vs model -2.4e-07)  resid 2.5e-16  b1/C +1.5194  b2/C -35.421  b3/C -101.57
   best (K0 13 m 16) |b_j/C|^(1/j): 1.52 5.95 4.67 6.00 5.35 6.09 5.55 6.17 5.59 6.24 5.48 6.23 5.95 6.63 6.55 6.08
F0x18 (level 2, model C 4.9974310e-06): k 4..2048, 29 members, max conv 2.5e-23
   K0  4 m  8  C 4.997434994345263e-06 (vs model +8.0e-07)  resid 1.0e-06  b1/C +3.9181  b2/C +14.177  b3/C -159.03
   K0  4 m 12  C 4.997430986508129e-06 (vs model -2.7e-09)  resid 4.1e-09  b1/C +3.9188  b2/C +14.065  b3/C -151.89
   K0  4 m 16  C 4.997430966578333e-06 (vs model -6.7e-09)  resid 2.1e-13  b1/C +3.9188  b2/C +14.063  b3/C -151.73
   K0  4 m 20  C 4.997430966576284e-06 (vs model -6.7e-09)  resid 1.5e-18  b1/C +3.9188  b2/C +14.063  b3/C -151.73
   K0  6 m  8  C 4.997432755161578e-06 (vs model +3.5e-07)  resid 4.0e-07  b1/C +3.9184  b2/C +14.121  b3/C -155.81
   K0  6 m 12  C 4.997430965916404e-06 (vs model -6.8e-09)  resid 7.2e-11  b1/C +3.9188  b2/C +14.063  b3/C -151.71
   K0  6 m 16  C 4.997430966576247e-06 (vs model -6.7e-09)  resid 2.0e-15  b1/C +3.9188  b2/C +14.063  b3/C -151.73
   K0  6 m 20  C 4.997430966576284e-06 (vs model -6.7e-09)  resid 1.2e-21  b1/C +3.9188  b2/C +14.063  b3/C -151.73
   K0  9 m  8  C 4.997431011705334e-06 (vs model +2.3e-09)  resid 6.7e-09  b1/C +3.9188  b2/C +14.066  b3/C -152.07
   K0  9 m 12  C 4.997430966575671e-06 (vs model -6.7e-09)  resid 7.8e-14  b1/C +3.9188  b2/C +14.063  b3/C -151.73
   K0  9 m 16  C 4.997430966576284e-06 (vs model -6.7e-09)  resid 2.8e-19  b1/C +3.9188  b2/C +14.063  b3/C -151.73
   K0 13 m  8  C 4.997430969422448e-06 (vs model -6.1e-09)  resid 3.7e-10  b1/C +3.9188  b2/C +14.064  b3/C -151.78
   K0 13 m 12  C 4.997430966576324e-06 (vs model -6.7e-09)  resid 1.9e-15  b1/C +3.9188  b2/C +14.063  b3/C -151.73
   K0 13 m 16  C 4.997430966576284e-06 (vs model -6.7e-09)  resid 1.0e-21  b1/C +3.9188  b2/C +14.063  b3/C -151.73
   K0 19 m  8  C 4.997430966736906e-06 (vs model -6.7e-09)  resid 1.5e-11  b1/C +3.9188  b2/C +14.063  b3/C -151.73
   K0 19 m 12  C 4.997430966576286e-06 (vs model -6.7e-09)  resid 3.6e-17  b1/C +3.9188  b2/C +14.063  b3/C -151.73
   best (K0 13 m 16) |b_j/C|^(1/j): 3.92 3.75 5.33 5.36 3.97 5.42 4.08 5.25 4.36 5.24 3.57 5.28 4.95 5.72 5.71 5.32
F0x19x19 (level 3, model C 3.3360840e-05): k 4..2048, 29 members, max conv 5.2e-24
   K0  4 m  8  C 3.336151605492477e-05 (vs model +2.0e-05)  resid 7.0e-05  b1/C +3.2528  b2/C -49.054  b3/C -344.04
   K0  4 m 12  C 3.336084294107066e-05 (vs model +8.8e-08)  resid 3.0e-08  b1/C +3.2673  b2/C -50.877  b3/C -259.98
   K0  4 m 16  C 3.336084166511798e-05 (vs model +5.0e-08)  resid 2.4e-12  b1/C +3.2673  b2/C -50.893  b3/C -257.93
   K0  4 m 20  C 3.336084166522250e-05 (vs model +5.0e-08)  resid 6.2e-17  b1/C +3.2673  b2/C -50.893  b3/C -257.93
   K0  6 m  8  C 3.336083390299847e-05 (vs model -1.8e-07)  resid 1.8e-06  b1/C +3.2677  b2/C -50.987  b3/C -247.88
   K0  6 m 12  C 3.336084173713645e-05 (vs model +5.2e-08)  resid 1.7e-09  b1/C +3.2673  b2/C -50.892  b3/C -258.16
   K0  6 m 16  C 3.336084166522870e-05 (vs model +5.0e-08)  resid 5.4e-14  b1/C +3.2673  b2/C -50.893  b3/C -257.93
   K0  6 m 20  C 3.336084166522250e-05 (vs model +5.0e-08)  resid 8.7e-20  b1/C +3.2673  b2/C -50.893  b3/C -257.93
   K0  9 m  8  C 3.336083691717961e-05 (vs model -9.2e-08)  resid 1.2e-07  b1/C +3.2675  b2/C -50.941  b3/C -252.58
   K0  9 m 12  C 3.336084166495822e-05 (vs model +5.0e-08)  resid 2.9e-12  b1/C +3.2673  b2/C -50.893  b3/C -257.93
   K0  9 m 16  C 3.336084166522250e-05 (vs model +5.0e-08)  resid 9.4e-19  b1/C +3.2673  b2/C -50.893  b3/C -257.93
   K0 13 m  8  C 3.336084137907402e-05 (vs model +4.1e-08)  resid 6.7e-09  b1/C +3.2673  b2/C -50.898  b3/C -257.20
   K0 13 m 12  C 3.336084166521381e-05 (vs model +5.0e-08)  resid 7.2e-14  b1/C +3.2673  b2/C -50.893  b3/C -257.93
   K0 13 m 16  C 3.336084166522250e-05 (vs model +5.0e-08)  resid 6.1e-20  b1/C +3.2673  b2/C -50.893  b3/C -257.93
   K0 19 m  8  C 3.336084165441118e-05 (vs model +5.0e-08)  resid 1.9e-10  b1/C +3.2673  b2/C -50.893  b3/C -257.87
   K0 19 m 12  C 3.336084166522237e-05 (vs model +5.0e-08)  resid 7.3e-16  b1/C +3.2673  b2/C -50.893  b3/C -257.93
   best (K0 13 m 16) |b_j/C|^(1/j): 3.27 7.13 6.37 6.83 6.80 6.71 6.86 6.67 6.84 6.69 6.75 6.44 7.12 7.29 6.96 6.27
F0x19x37 (level 3, model C 1.4566430e-06): k 4..2048, 29 members, max conv 8.0e-24
   K0  4 m  8  C 1.456655247643054e-06 (vs model +8.4e-06)  resid 3.1e-05  b1/C +1.9722  b2/C -40.612  b3/C -205.92
   K0  4 m 12  C 1.456643351412574e-06 (vs model +2.4e-07)  resid 8.3e-09  b1/C +1.9780  b2/C -41.334  b3/C -173.31
   K0  4 m 16  C 1.456643335211154e-06 (vs model +2.3e-07)  resid 2.0e-12  b1/C +1.9780  b2/C -41.339  b3/C -172.69
   K0  4 m 20  C 1.456643335216285e-06 (vs model +2.3e-07)  resid 3.2e-17  b1/C +1.9780  b2/C -41.339  b3/C -172.69
   K0  6 m  8  C 1.456642967894364e-06 (vs model -2.2e-08)  resid 4.7e-07  b1/C +1.9783  b2/C -41.403  b3/C -166.78
   K0  6 m 12  C 1.456643336438981e-06 (vs model +2.3e-07)  resid 6.5e-10  b1/C +1.9780  b2/C -41.339  b3/C -172.78
   K0  6 m 16  C 1.456643335216360e-06 (vs model +2.3e-07)  resid 1.4e-14  b1/C +1.9780  b2/C -41.339  b3/C -172.69
   K0  6 m 20  C 1.456643335216286e-06 (vs model +2.3e-07)  resid 2.1e-21  b1/C +1.9780  b2/C -41.339  b3/C -172.69
   K0  9 m  8  C 1.456643244383740e-06 (vs model +1.7e-07)  resid 5.5e-08  b1/C +1.9781  b2/C -41.360  b3/C -170.33
   K0  9 m 12  C 1.456643335214120e-06 (vs model +2.3e-07)  resid 4.1e-13  b1/C +1.9780  b2/C -41.339  b3/C -172.69
   K0  9 m 16  C 1.456643335216286e-06 (vs model +2.3e-07)  resid 4.6e-18  b1/C +1.9780  b2/C -41.339  b3/C -172.69
   K0 13 m  8  C 1.456643329311489e-06 (vs model +2.3e-07)  resid 3.2e-09  b1/C +1.9780  b2/C -41.341  b3/C -172.34
   K0 13 m 12  C 1.456643335216143e-06 (vs model +2.3e-07)  resid 2.6e-14  b1/C +1.9780  b2/C -41.339  b3/C -172.69
   K0 13 m 16  C 1.456643335216286e-06 (vs model +2.3e-07)  resid 1.5e-20  b1/C +1.9780  b2/C -41.339  b3/C -172.69
   K0 19 m  8  C 1.456643334949082e-06 (vs model +2.3e-07)  resid 1.0e-10  b1/C +1.9780  b2/C -41.339  b3/C -172.66
   K0 19 m 12  C 1.456643335216282e-06 (vs model +2.3e-07)  resid 3.7e-16  b1/C +1.9780  b2/C -41.339  b3/C -172.69
   best (K0 6 m 20) |b_j/C|^(1/j): 1.98 6.43 5.57 6.25 6.10 6.22 6.18 6.27 6.18 6.35 6.15 6.47 5.49 4.46 6.94 7.22 7.17 6.92 6.49 5.89
L4 (level 4, model C 6.9932560e-06): k 4..2048, 29 members, max conv 1.4e-23
   K0  4 m  8  C 6.993621208958942e-06 (vs model +5.2e-05)  resid 2.5e-04  b1/C +5.3762  b2/C -59.945  b3/C -739.11
   K0  4 m 12  C 6.993257628999597e-06 (vs model +2.3e-07)  resid 2.5e-07  b1/C +5.4123  b2/C -64.218  b3/C -565.30
   K0  4 m 16  C 6.993255914203703e-06 (vs model -1.2e-08)  resid 2.9e-11  b1/C +5.4126  b2/C -64.314  b3/C -553.42
   K0  4 m 20  C 6.993255913716163e-06 (vs model -1.2e-08)  resid 3.0e-16  b1/C +5.4126  b2/C -64.314  b3/C -553.39
   K0  6 m  8  C 6.993221521104307e-06 (vs model -4.9e-06)  resid 3.7e-06  b1/C +5.4175  b2/C -65.279  b3/C -476.25
   K0  6 m 12  C 6.993255931543048e-06 (vs model -9.8e-09)  resid 3.4e-09  b1/C +5.4126  b2/C -64.313  b3/C -553.58
   K0  6 m 16  C 6.993255913718396e-06 (vs model -1.2e-08)  resid 1.2e-13  b1/C +5.4126  b2/C -64.314  b3/C -553.39
   K0  6 m 20  C 6.993255913716150e-06 (vs model -1.2e-08)  resid 1.2e-19  b1/C +5.4126  b2/C -64.314  b3/C -553.39
   K0  9 m  8  C 6.993252766734503e-06 (vs model -4.6e-07)  resid 4.2e-07  b1/C +5.4132  b2/C -64.461  b3/C -537.61
   K0  9 m 12  C 6.993255913365473e-06 (vs model -1.2e-08)  resid 2.1e-11  b1/C +5.4126  b2/C -64.314  b3/C -553.38
   K0  9 m 16  C 6.993255913716147e-06 (vs model -1.2e-08)  resid 7.0e-17  b1/C +5.4126  b2/C -64.314  b3/C -553.39
   K0 13 m  8  C 6.993255817582566e-06 (vs model -2.6e-08)  resid 1.2e-08  b1/C +5.4126  b2/C -64.321  b3/C -552.37
   K0 13 m 12  C 6.993255913712935e-06 (vs model -1.2e-08)  resid 1.4e-13  b1/C +5.4126  b2/C -64.314  b3/C -553.39
   K0 13 m 16  C 6.993255913716150e-06 (vs model -1.2e-08)  resid 1.0e-19  b1/C +5.4126  b2/C -64.314  b3/C -553.39
   K0 19 m  8  C 6.993255915247002e-06 (vs model -1.2e-08)  resid 5.8e-11  b1/C +5.4126  b2/C -64.314  b3/C -553.46
   K0 19 m 12  C 6.993255913716168e-06 (vs model -1.2e-08)  resid 2.6e-16  b1/C +5.4126  b2/C -64.314  b3/C -553.39
   best (K0 13 m 16) |b_j/C|^(1/j): 5.41 8.02 8.21 7.20 8.24 6.54 8.02 5.45 7.80 6.22 7.58 6.87 7.50 6.75 7.44 7.06
L5 (level 5, model C 1.6832320e-06): k 5..2048, 28 members, max conv 4.6e-24
   K0  4 m  8  C 1.683229616227801e-06 (vs model -1.4e-06)  resid 1.3e-04  b1/C +7.9348  b2/C -76.255  b3/C -844.03
   K0  4 m 12  C 1.683232766079567e-06 (vs model +4.6e-07)  resid 2.3e-07  b1/C +7.9295  b2/C -74.455  b3/C -1036.21
   K0  4 m 16  C 1.683232455539577e-06 (vs model +2.7e-07)  resid 1.4e-11  b1/C +7.9298  b2/C -74.537  b3/C -1025.31
   K0  4 m 20  C 1.683232455487972e-06 (vs model +2.7e-07)  resid 1.1e-16  b1/C +7.9298  b2/C -74.537  b3/C -1025.30
   K0  6 m  8  C 1.683194054888409e-06 (vs model -2.3e-05)  resid 1.8e-05  b1/C +7.9518  b2/C -78.751  b3/C -703.40
   K0  6 m 12  C 1.683232426292477e-06 (vs model +2.5e-07)  resid 5.8e-09  b1/C +7.9298  b2/C -74.550  b3/C -1022.88
   K0  6 m 16  C 1.683232455477997e-06 (vs model +2.7e-07)  resid 1.4e-12  b1/C +7.9298  b2/C -74.537  b3/C -1025.30
   K0  6 m 20  C 1.683232455487974e-06 (vs model +2.7e-07)  resid 1.1e-17  b1/C +7.9298  b2/C -74.537  b3/C -1025.30
   K0  9 m  8  C 1.683230260157152e-06 (vs model -1.0e-06)  resid 1.3e-06  b1/C +7.9313  b2/C -74.946  b3/C -983.10
   K0  9 m 12  C 1.683232455196028e-06 (vs model +2.7e-07)  resid 8.2e-11  b1/C +7.9298  b2/C -74.538  b3/C -1025.24
   K0  9 m 16  C 1.683232455487975e-06 (vs model +2.7e-07)  resid 2.4e-17  b1/C +7.9298  b2/C -74.537  b3/C -1025.30
   K0 13 m  8  C 1.683232460398571e-06 (vs model +2.7e-07)  resid 9.8e-09  b1/C +7.9298  b2/C -74.533  b3/C -1026.29
   K0 13 m 12  C 1.683232455491650e-06 (vs model +2.7e-07)  resid 4.7e-13  b1/C +7.9298  b2/C -74.537  b3/C -1025.30
   K0 13 m 16  C 1.683232455487974e-06 (vs model +2.7e-07)  resid 1.6e-18  b1/C +7.9298  b2/C -74.537  b3/C -1025.30
   K0 19 m  8  C 1.683232462202250e-06 (vs model +2.7e-07)  resid 1.5e-09  b1/C +7.9298  b2/C -74.533  b3/C -1026.14
   K0 19 m 12  C 1.683232455488099e-06 (vs model +2.7e-07)  resid 1.2e-14  b1/C +7.9298  b2/C -74.537  b3/C -1025.30
   best (K0 13 m 16) |b_j/C|^(1/j): 7.93 8.63 10.08 6.79 9.59 7.01 8.99 8.24 8.39 8.44 8.00 7.54 8.57 8.94 8.59 7.73
L6 (level 6, model C 4.7681450e-07): k 5..2048, 28 members, max conv 1.8e-23
   K0  4 m  8  C 4.768247128894156e-07 (vs model +2.1e-05)  resid 6.0e-04  b1/C +10.7578  b2/C -83.003  b3/C -1338.27
   K0  4 m 12  C 4.768149856953225e-07 (vs model +1.0e-06)  resid 1.2e-06  b1/C +10.7626  b2/C -80.457  b3/C -1770.51
   K0  4 m 16  C 4.768145299933946e-07 (vs model +6.3e-08)  resid 8.7e-11  b1/C +10.7639  b2/C -80.879  b3/C -1715.63
   K0  4 m 20  C 4.768145299329220e-07 (vs model +6.3e-08)  resid 3.4e-15  b1/C +10.7639  b2/C -80.880  b3/C -1715.59
   K0  6 m  8  C 4.767836715823034e-07 (vs model -6.5e-05)  resid 5.4e-05  b1/C +10.8275  b2/C -93.173  b3/C -765.35
   K0  6 m 12  C 4.768144718363874e-07 (vs model -5.9e-08)  resid 4.1e-08  b1/C +10.7641  b2/C -80.968  b3/C -1699.34
   K0  6 m 16  C 4.768145298956427e-07 (vs model +6.3e-08)  resid 1.9e-11  b1/C +10.7639  b2/C -80.880  b3/C -1715.53
   K0  6 m 20  C 4.768145299329359e-07 (vs model +6.3e-08)  resid 1.7e-16  b1/C +10.7639  b2/C -80.880  b3/C -1715.59
   K0  9 m  8  C 4.768126664726531e-07 (vs model -3.8e-06)  resid 4.2e-06  b1/C +10.7686  b2/C -82.063  b3/C -1597.49
   K0  9 m 12  C 4.768145297294186e-07 (vs model +6.2e-08)  resid 2.6e-10  b1/C +10.7639  b2/C -80.880  b3/C -1715.47
   K0  9 m 16  C 4.768145299329558e-07 (vs model +6.3e-08)  resid 4.5e-15  b1/C +10.7639  b2/C -80.880  b3/C -1715.59
   K0 13 m  8  C 4.768145837965113e-07 (vs model +1.8e-07)  resid 4.1e-08  b1/C +10.7637  b2/C -80.806  b3/C -1727.94
   K0 13 m 12  C 4.768145299447297e-07 (vs model +6.3e-08)  resid 5.9e-12  b1/C +10.7639  b2/C -80.880  b3/C -1715.61
   K0 13 m 16  C 4.768145299329370e-07 (vs model +6.3e-08)  resid 1.5e-17  b1/C +10.7639  b2/C -80.880  b3/C -1715.59
   K0 19 m  8  C 4.768145388050032e-07 (vs model +8.1e-08)  resid 7.6e-09  b1/C +10.7639  b2/C -80.862  b3/C -1719.37
   K0 19 m 12  C 4.768145299331260e-07 (vs model +6.3e-08)  resid 6.4e-14  b1/C +10.7639  b2/C -80.880  b3/C -1715.59
   best (K0 13 m 16) |b_j/C|^(1/j): 10.76 8.99 11.97 4.70 10.87 9.50 9.74 9.88 8.11 9.70 7.15 8.39 9.99 9.71 7.88 8.65
