
=== Machine [0 s]
name, memory.total [MiB], driver_version, clocks.max.sm [MHz]
NVIDIA H200, 143771 MiB, 570.133.20, 1980 MHz
CPUs: 176 visible, using 6 threads
clang version 22.1.8 (https://github.com/conda-forge/clangdev-feedstock 4376d67fb227e616ccc5717854d9d41ab142e4fa)

=== Cloning hybrid-area [1 s]
commit acf5cf28f37a02aa0fc391d371a4966321f5816b

=== Configuring and building [2 s]
Run-time dependency OpenMP found: YES 5.1
Run-time dependency CUDA (modules: cudart_static) for cpp found: YES 12.8 (/usr/local/cuda)
ninja: Entering directory `/tmp/mandelbrot/build/release'
  % Total    % Received % Xferd  Average Speed  Time    Time    Time   Current
                                 Dload  Upload  Total   Spent   Left   Speed
  0      0   0      0   0      0      0      0                              0100  36215 100  36215   0      0 117.0k      0                              0100  36215 100  36215   0      0 117.0k      0                              0100  36215 100  36215   0      0 117.0k      0                              0
  % Total    % Received % Xferd  Average Speed  Time    Time    Time   Current
                                 Dload  Upload  Total   Spent   Left   Speed
  0      0   0      0   0      0      0      0                              0100  49197 100  49197   0      0 121.9k      0                              0100  49197 100  49197   0      0 121.9k      0                              0100  49197 100  49197   0      0 121.9k      0                              0
INFO: autodetecting backend as ninja
INFO: calculating backend command to run: /data/env-v3/bin/ninja -C /tmp/mandelbrot/build/release glavaurs

=== env python3 analysis/lavaurs/experiments/farey_limbs.py /data/results/gl2e/single.txt analysis/lavaurs/results/farey_edge_q2.txt --targets 60 --top 10 --threads 12 --mmax 24 [43 s]
m  C(B_m)       m^4C    depth-0 limb/C  n0   depth-1 limb/C  n1   tuned  other-limb mass/C (top)  heaviest/C
 2 1.5065e-02 0.2410  1.5272e-03     60  5.5644e-03  22267    0+1   0:2.19e-02 1/3:1.05e-04  4.587e-03
 3 3.0610e-03 0.2479  5.1569e-04     47  3.8377e-03  17671    1+3   1/2:2.85e-02 0:2.26e-02  2.322e-03
 4 9.6451e-04 0.2469  2.8128e-04     51  4.4126e-03  17796    3+3   2/3:2.05e-02 1/2:1.73e-02  3.572e-03
 5 3.8961e-04 0.2435  1.9891e-04     41  4.9731e-03  17660    1+2   1/2:8.77e-02 1/3:2.15e-02  4.379e-03
 6 1.8492e-04 0.2397  1.6198e-04     28  4.8042e-04  17564    0+2   1/2:1.30e-01 4/5:1.89e-02  4.667e-04
 7 9.8296e-05 0.2360  1.4286e-04     27  4.1796e-04  17415    0+2   1/2:4.11e-02 2/3:3.79e-02  4.053e-04
 8 5.6830e-05 0.2328  1.3206e-04     25  3.8001e-04  16673    0+5   1/3:1.25e-01 2/3:1.08e-01  3.679e-04
 9 3.5051e-05 0.2300  1.2562e-04     27  3.5522e-04  16567    3+1   2/3:1.66e-01 1/3:1.53e-01  3.434e-04
