=== env CLASSIFY_MIN=1e-12 bash analysis/lavaurs/gl_pipeline.sh 1 3 1 0.14285714285714285 4 /data/results/gl3e [39 s]
lower half (cut Im σ = 1.8569): 1340 single-transit families, S_0 = 2.302335e-04; satellites 3.052913e-02
[105 s] level 2 limbs (tunings removed)
  limb 0        956 components  3.324620e-05
  limb 1/2       94 components  2.954330e-06
  sat 2.2211e-03 bulb of 1/2
[188 s] level 3 limbs (tunings removed)
  limb 0       1122 components  7.937781e-06
  limb 1/2      181 components  1.163983e-05
  limb 1/3       25 components  2.071939e-07
  limb 2/3       32 components  5.302205e-09
  sat 4.5267e-04 bulb of 2/3
  sat 4.5219e-04 bulb of 1/3
[327 s] level 4 limbs (tunings removed)
  limb 0       1149 components  4.289984e-06
  limb 1/2      262 components  5.382083e-07
  limb 1/3       52 components  1.077862e-06
  limb 2/3       57 components  2.256071e-06
  limb 1/4       13 components  1.095971e-09
  limb 3/4       17 components  4.768900e-10
  sat 1.4305e-04 bulb of 3/4
  sat 1.4263e-04 bulb of 1/4
