
=== Machine [0 s]
name, memory.total [MiB], driver_version, clocks.max.sm [MHz]
NVIDIA H200, 143771 MiB, 570.133.20, 1980 MHz
CPUs: 176 visible, using 2 threads
clang version 22.1.8 (https://github.com/conda-forge/clangdev-feedstock 4376d67fb227e616ccc5717854d9d41ab142e4fa)

=== Cloning hybrid-area [0 s]
commit 0f430f0f8cf4e3db099b1291489da19e6db871c7

=== Configuring and building [2 s]
Run-time dependency OpenMP found: YES 5.1
Run-time dependency CUDA (modules: cudart_static) for cpp found: YES 12.8 (/usr/local/cuda)
ninja: Entering directory `/tmp/mandelbrot/build/release'
  % Total    % Received % Xferd  Average Speed  Time    Time    Time   Current
                                 Dload  Upload  Total   Spent   Left   Speed
  0      0   0      0   0      0      0      0                              0100  49197 100  49197   0      0 130.2k      0                              0100  49197 100  49197   0      0 130.2k      0                              0100  49197 100  49197   0      0 130.2k      0                              0
  % Total    % Received % Xferd  Average Speed  Time    Time    Time   Current
                                 Dload  Upload  Total   Spent   Left   Speed
  0      0   0      0   0      0      0      0                              0100  36215 100  36215   0      0  60210      0                              0100  36215 100  36215   0      0  60206      0                              0100  36215 100  36215   0      0  60204      0                              0
INFO: autodetecting backend as ninja
INFO: calculating backend command to run: /data/env-v3/bin/ninja -C /tmp/mandelbrot/build/release glavaurs

=== env GL_START=3 GL_NO_CENSUS=1 CLASSIFY_MIN=1e-12 bash analysis/lavaurs/gl_pipeline.sh 1 3 1 0.14285714285714285 4 /data/results/gl3e [23 s]
[0 s] level 3 census
[0 s] level 3 tunings
level 3: 812865 components, 128 tuner candidates, 11846 pairs
ratio histogram (log10 floor): {0: 6626, 1: 5093, -1: 109, 'inf': 18}
tuned: 110 components (primitive mass 2.438512e-05)
  L3_1 C 4.6299e-04 sat 1  by B2637 (C 3.053e-02)  ratio 0.467
  L3_3 C 2.9959e-04 sat 1  by B2637 (C 3.053e-02)  ratio 0.420
  L3_45 C 2.4148e-05 sat 0  by B2637 (C 3.053e-02)  ratio 1.592
  L3_86653 C 7.9460e-06 sat 1  by F0 (C 2.092e-04)  ratio 0.405
  L3_86659 C 3.1948e-06 sat 1  by F0 (C 2.092e-04)  ratio 0.458
  L3_97720 C 1.9308e-07 sat 1  by F2 (C 6.793e-06)  ratio 0.427
  L3_97719 C 1.4172e-07 sat 1  by F2 (C 6.793e-06)  ratio 0.445
  L3_88 C 1.2708e-07 sat 0  by B2637 (C 3.053e-02)  ratio 0.510
  L3_155162 C 9.8543e-08 sat 1  by F5 (C 3.727e-06)  ratio 0.426
  L3_226674 C 8.8553e-08 sat 1  by F6 (C 3.628e-06)  ratio 0.432
[4 s] level 3 limbs (tunings removed)
  below cmin 1e-12 (not classified): 811246 components, mass 8.307e-10
  limb 0       1122 components  7.937781e-06
  limb 1/2      181 components  1.163983e-05
  limb 1/3       25 components  2.071939e-07
  limb 2/3       32 components  5.302205e-09
  total 1.979011e-05
  unclassified (b = 0 at m > 1): 4.426e-07
  unclassified (offset %% q): 1.015e-08
  sat 4.5267e-04 bulb of 2/3
  sat 4.5219e-04 bulb of 1/3
[7 s] level 4 census
[7 s] level 4 tunings
level 4: 1152615 components, 244 tuner candidates, 68881 pairs
ratio histogram (log10 floor): {0: 27314, 1: 15861, -1: 998, 'inf': 10, 2: 2403, 3: 161, 4: 6, 5: 1}
tuned: 1000 components (primitive mass 9.603393e-06)
  L4_203 C 1.9708e-04 sat 1  by L2_7 (C 2.221e-03)  ratio 0.656
  L4_52255 C 1.4434e-04 sat 1  by B2637 (C 3.053e-02)  ratio 0.361
  L4_153 C 1.1306e-04 sat 1  by L2_1 (C 1.995e-03)  ratio 0.512
  L4_52282 C 9.1370e-05 sat 1  by B2637 (C 3.053e-02)  ratio 0.350
  L4_52258 C 4.8696e-06 sat 0  by B2637 (C 3.053e-02)  ratio 0.949
  L4_164215 C 4.1295e-06 sat 1  by L2_65 (C 2.252e-05)  ratio 0.490
  L4_61592 C 2.1208e-06 sat 0  by B2637 (C 3.053e-02)  ratio 0.748
  L4_184405 C 1.8769e-06 sat 1  by L2_167 (C 3.375e-05)  ratio 0.535
  L4_85302 C 1.7849e-06 sat 1  by F0 (C 2.092e-04)  ratio 0.417
  L4_151 C 1.7148e-06 sat 0  by B2637 (C 3.053e-02)  ratio 2.325
[16 s] level 4 limbs (tunings removed)
  below cmin 1e-12 (not classified): 1149815 components, mass 8.948e-10
  limb 0       1148 components  2.575162e-06
  limb 1/2      262 components  5.382083e-07
  limb 1/3       52 components  1.077862e-06
  limb 2/3       57 components  2.256071e-06
  limb 1/4       13 components  1.095971e-09
  limb 3/4       17 components  4.768900e-10
  total 6.448877e-06
  unclassified (offset %% q): 2.408e-09
  unclassified (b = 0 at m > 1): 2.232e-07
  sat 1.4305e-04 bulb of 3/4
  sat 1.4263e-04 bulb of 1/4
[20 s] done

=== env GL_START=3 GL_NO_CENSUS=1 CLASSIFY_MIN=1e-12 bash analysis/lavaurs/gl_pipeline.sh 1 4 1 0.06666666666666667 4 /data/results/gl4e [43 s]
[0 s] level 3 census
[0 s] level 3 tunings
level 3: 562680 components, 77 tuner candidates, 7651 pairs
ratio histogram (log10 floor): {1: 2967, 0: 4599, -1: 64, 'inf': 21}
tuned: 66 components (primitive mass 5.100477e-06)
  L3_3 C 9.5997e-05 sat 1  by B1849 (C 6.405e-03)  ratio 0.466
  L3_6 C 6.3163e-05 sat 1  by B1849 (C 6.405e-03)  ratio 0.421
  L3_47 C 5.0387e-06 sat 0  by B1849 (C 6.405e-03)  ratio 1.603
  L3_34014 C 1.5204e-06 sat 1  by F0 (C 4.030e-05)  ratio 0.406
  L3_97207 C 6.1943e-07 sat 1  by F0 (C 4.030e-05)  ratio 0.457
  L3_97318 C 3.6990e-08 sat 1  by F2 (C 1.303e-06)  ratio 0.427
  L3_238843 C 2.7163e-08 sat 1  by F2 (C 1.303e-06)  ratio 0.444
  L3_91 C 2.5570e-08 sat 0  by B1849 (C 6.405e-03)  ratio 0.515
  L3_207044 C 2.0813e-08 sat 1  by F5 (C 8.583e-07)  ratio 0.432
  L3_547002 C 2.0087e-08 sat 1  by F4 (C 8.543e-07)  ratio 0.433
[3 s] level 3 limbs (tunings removed)
  below cmin 1e-12 (not classified): 561755 components, mass 4.673e-10
  limb 0        623 components  1.559923e-06
  limb 1/2      110 components  2.381579e-06
  limb 1/3       14 components  4.141019e-08
  limb 2/3       20 components  1.063347e-09
  total 3.983976e-06
  unclassified (b = 0 at m > 1): 8.779e-08
  unclassified (offset %% q): 3.900e-09
  sat 9.5330e-05 bulb of 2/3
  sat 9.5232e-05 bulb of 1/3
[5 s] level 4 census
[5 s] level 4 tunings
level 4: 812486 components, 150 tuner candidates, 42176 pairs
ratio histogram (log10 floor): {0: 16757, 1: 10212, -1: 409, 'inf': 105, 2: 821, 3: 117, 4: 7}
tuned: 410 components (primitive mass 2.026648e-06)
  L4_123 C 4.1308e-05 sat 1  by L2_4 (C 4.673e-04)  ratio 0.656
  L4_43645 C 3.0019e-05 sat 1  by B1849 (C 6.405e-03)  ratio 0.361
  L4_20446 C 2.3620e-05 sat 1  by L2_0 (C 4.168e-04)  ratio 0.512
  L4_43691 C 1.9304e-05 sat 1  by B1849 (C 6.405e-03)  ratio 0.350
  L4_43647 C 9.9320e-07 sat 0  by B1849 (C 6.405e-03)  ratio 0.943
  L4_43712 C 7.8716e-07 sat 1  by L2_53 (C 4.298e-06)  ratio 0.490
  L4_43728 C 4.5004e-07 sat 0  by B1849 (C 6.405e-03)  ratio 0.751
  L4_537783 C 3.6131e-07 sat 1  by L2_197 (C 6.500e-06)  ratio 0.535
  L4_168 C 3.5854e-07 sat 0  by B1849 (C 6.405e-03)  ratio 2.358
  L4_125151 C 3.4176e-07 sat 1  by F0 (C 4.030e-05)  ratio 0.417
[12 s] level 4 limbs (tunings removed)
  below cmin 1e-12 (not classified): 811139 components, mass 4.828e-10
  limb 0        587 components  5.139648e-07
  limb 1/2      144 components  1.068811e-07
  limb 1/3       26 components  2.277598e-07
  limb 2/3       32 components  4.675026e-07
  limb 1/4        5 components  2.067349e-10
  limb 3/4        9 components  9.318719e-11
  total 1.316408e-06
  unclassified (b = 0 at m > 1): 4.527e-08
  unclassified (offset %% q): 1.048e-09
  sat 3.0141e-05 bulb of 3/4
  sat 3.0056e-05 bulb of 1/4
[15 s] done

=== Done; results in /data/results/bench-20261010-145934.txt [58 s]
